<html>
<body>
<pre>
<h1>礦ision Build Log</h1>
<h2>Tool Versions:</h2>
IDE-Version: μVision V5.14.0.0
Copyright (C) 2015 ARM Ltd and ARM Germany GmbH. All rights reserved.
License Information: Keyue Jiang, Zhejiang University, LIC=BL263-ADHUJ-VIN5N-YWYFY-TT55F-DV3ID
 
Tool Versions:
Toolchain:       MDK-ARM Professional  Version: 5.14.0.0
Toolchain Path:  C:\Keil_v5\ARM\ARMCC\Bin
C Compiler:      Armcc.exe V5.05 update 1 (build 106)
Assembler:       Armasm.exe V5.05 update 1 (build 106)
Linker/Locator:  ArmLink.exe V5.05 update 1 (build 106)
Library Manager: ArmAr.exe V5.05 update 1 (build 106)
Hex Converter:   FromElf.exe V5.05 update 1 (build 106)
CPU DLL:         SARMCM3.DLL V5.14.0.0
Dialog DLL:      DARMSTM.DLL V1.65.0.0
Target DLL:      STLink\ST-LINKIII-KEIL_SWO.dll V2.0.14.0_KEIL
Dialog DLL:      TARMSTM.DLL V1.64.0.0
 
<h2>Project:</h2>
\\Mac\Home\Desktop\ZJU_bs\大三下\STM32小学期\project_JY901v4_1\USER\FATFS.uvprojx
Project File Date:  07/18/2019

<h2>Output:</h2>
Rebuild target 'FATFS'
compiling main.c...
main.c(97): warning:  #223-D: function "printf" declared implicitly
                case SDIO_STD_CAPACITY_SD_CARD_V1_1:printf("Card Type:SDSC V1.1\r\n");break;
main.c(102): warning:  #223-D: function "printf" declared implicitly
        printf("Card ManufacturerID:%d\r\n",SDCardInfo.SD_cid.ManufacturerID);  //制造商ID
main.c(167): warning:  #223-D: function "uart_init" declared implicitly
        uart_init(115200);              //串口初始化为115200
main.c(179): warning:  #223-D: function "printf" declared implicitly
                printf("Card not found!");
main.c(198): warning:  #223-D: function "printf" declared implicitly
                        printf("Flash Disk Format Finish");     //格式化完成
main.c(199): warning:  #223-D: function "printf" declared implicitly
                }else printf("Flash Disk Format Error ");       //格式化失败
main.c(206): warning:  #223-D: function "printf" declared implicitly
                printf("SD Card Fatfs Error!");
main.c(228): warning:  #223-D: function "sprintf" declared implicitly
                                len_str = sprintf(str_acc,"ACC:%.3f,%.3f,%.3f\r\n",\
main.c(151): warning:  #177-D: variable "str_gyr" was declared but never referenced
        char str_gyr[100];
main.c(153): warning:  #177-D: variable "str_mag" was declared but never referenced
        char str_mag[100];
main.c: 10 warnings, 0 errors
compiling stm32f10x_it.c...
compiling system_stm32f10x.c...
compiling led.c...
compiling key.c...
compiling lcd.c...
compiling spi.c...
compiling w25qxx.c...
compiling sdio_sdcard.c...
compiling delay.c...
compiling sys.c...
compiling usart.c...
compiling core_cm3.c...
assembling startup_stm32f10x_hd.s...
compiling misc.c...
compiling stm32f10x_fsmc.c...
compiling stm32f10x_gpio.c...
compiling stm32f10x_rcc.c...
compiling stm32f10x_spi.c...
compiling stm32f10x_usart.c...
compiling stm32f10x_tim.c...
compiling stm32f10x_dma.c...
compiling stm32f10x_sdio.c...
compiling malloc.c...
compiling diskio.c...
compiling ff.c...
compiling exfuns.c...
compiling cc936.c...
compiling fattester.c...
compiling usmart.c...
compiling usmart_config.c...
compiling usmart_str.c...
linking...
Program Size: Code=69532 RO-data=183532 RW-data=1052 ZI-data=1095404  
FromELF: creating hex file...
"..\OBJ\FATFS.axf" - 0 Error(s), 10 Warning(s).

<h2>Collection of Component include folders:</h2>
  \\Mac\Home\Desktop\ZJU_bs\大三下\STM32小学期\project_JY901v4_1\USER\RTE
  C:\Keil_v5\ARM\PACK\Keil\STM32F1xx_DFP\1.0.5\Device\Include

<h2>Collection of Component Files used:</h2>
</pre>
</body>
</html>
