Component: ARM Compiler 5.05 update 1 (build 106) Tool: armlink [4d0efa]

==============================================================================

Section Cross References

    main.o(.text) refers to _printf_percent.o(.ARM.Collect$$_printf_percent$$00000000) for _printf_percent
    main.o(.text) refers to _printf_d.o(.ARM.Collect$$_printf_percent$$00000009) for _printf_d
    main.o(.text) refers to _printf_dec.o(.text) for _printf_int_dec
    main.o(.text) refers to _printf_f.o(.ARM.Collect$$_printf_percent$$00000003) for _printf_f
    main.o(.text) refers to printf1.o(x$fpl$printf1) for _printf_fp_dec
    main.o(.text) refers to stm32f10x_usart.o(.text) for USART_Init
    main.o(.text) refers to __2printf.o(.text) for __2printf
    main.o(.text) refers to stm32f10x_gpio.o(.text) for GPIO_Init
    main.o(.text) refers to misc.o(.text) for NVIC_PriorityGroupConfig
    main.o(.text) refers to system_stm32f10x.o(.text) for SystemInit
    main.o(.text) refers to stm32f10x_rcc.o(.text) for RCC_APB2PeriphClockCmd
    main.o(.text) refers to delay.o(.text) for delay_init
    main.o(.text) refers to usart.o(.text) for uart_init
    main.o(.text) refers to main.o(.bss) for USART_InitStructure
    main.o(.text) refers to sdio_sdcard.o(.bss) for SDCardInfo
    main.o(.text) refers to main.o(.data) for RxCounter3
    main.o(.text) refers to usmart_config.o(.data) for usmart_dev
    main.o(.text) refers to led.o(.text) for LED_Init
    main.o(.text) refers to key.o(.text) for KEY_Init
    main.o(.text) refers to lcd.o(.text) for LCD_Init
    main.o(.text) refers to w25qxx.o(.text) for W25QXX_Init
    main.o(.text) refers to malloc.o(.text) for my_mem_init
    main.o(.text) refers to sdio_sdcard.o(.text) for SD_Init
    main.o(.text) refers to exfuns.o(.text) for exfuns_init
    main.o(.text) refers to ff.o(.text) for f_mount
    main.o(.text) refers to fflt_clz.o(x$fpl$fflt) for __aeabi_i2f
    main.o(.text) refers to fdiv.o(x$fpl$fdiv) for __aeabi_fdiv
    main.o(.text) refers to fmul.o(x$fpl$fmul) for __aeabi_fmul
    main.o(.text) refers to f2d.o(x$fpl$f2d) for __aeabi_f2d
    main.o(.text) refers to __2sprintf.o(.text) for __2sprintf
    main.o(.text) refers to lcd.o(.data) for POINT_COLOR
    main.o(.text) refers to exfuns.o(.data) for fs
    stm32f10x_it.o(.text) refers to stm32f10x_usart.o(.text) for USART_GetITStatus
    stm32f10x_it.o(.text) refers to main.o(.text) for CopeSerial2Data
    stm32f10x_it.o(.text) refers to stm32f10x_it.o(.data) for ch
    system_stm32f10x.o(.text) refers to system_stm32f10x.o(.data) for SystemCoreClock
    led.o(.text) refers to stm32f10x_rcc.o(.text) for RCC_APB2PeriphClockCmd
    led.o(.text) refers to stm32f10x_gpio.o(.text) for GPIO_Init
    key.o(.text) refers to stm32f10x_rcc.o(.text) for RCC_APB2PeriphClockCmd
    key.o(.text) refers to stm32f10x_gpio.o(.text) for GPIO_Init
    key.o(.text) refers to delay.o(.text) for delay_ms
    key.o(.text) refers to key.o(.data) for key_up
    lcd.o(.text) refers to _printf_percent.o(.ARM.Collect$$_printf_percent$$00000000) for _printf_percent
    lcd.o(.text) refers to _printf_x.o(.ARM.Collect$$_printf_percent$$0000000C) for _printf_x
    lcd.o(.text) refers to _printf_hex_int.o(.text) for _printf_longlong_hex
    lcd.o(.text) refers to delay.o(.text) for delay_us
    lcd.o(.text) refers to lcd.o(.bss) for lcddev
    lcd.o(.text) refers to lcd.o(.data) for POINT_COLOR
    lcd.o(.text) refers to dflt_clz.o(x$fpl$dfltu) for __aeabi_ui2d
    lcd.o(.text) refers to dmul.o(x$fpl$dmul) for __aeabi_dmul
    lcd.o(.text) refers to dfixu.o(x$fpl$dfixu) for __aeabi_d2uiz
    lcd.o(.text) refers to stm32f10x_rcc.o(.text) for RCC_AHBPeriphClockCmd
    lcd.o(.text) refers to stm32f10x_gpio.o(.text) for GPIO_Init
    lcd.o(.text) refers to stm32f10x_fsmc.o(.text) for FSMC_NORSRAMInit
    lcd.o(.text) refers to __2printf.o(.text) for __2printf
    lcd.o(.text) refers to lcd.o(.constdata) for asc2_1206
    spi.o(.text) refers to stm32f10x_spi.o(.text) for SPI_I2S_GetFlagStatus
    spi.o(.text) refers to stm32f10x_rcc.o(.text) for RCC_APB2PeriphClockCmd
    spi.o(.text) refers to stm32f10x_gpio.o(.text) for GPIO_Init
    w25qxx.o(.text) refers to _printf_percent.o(.ARM.Collect$$_printf_percent$$00000000) for _printf_percent
    w25qxx.o(.text) refers to _printf_x.o(.ARM.Collect$$_printf_percent$$0000000C) for _printf_x
    w25qxx.o(.text) refers to _printf_hex_int.o(.text) for _printf_longlong_hex
    w25qxx.o(.text) refers to spi.o(.text) for SPI2_ReadWriteByte
    w25qxx.o(.text) refers to stm32f10x_rcc.o(.text) for RCC_APB2PeriphClockCmd
    w25qxx.o(.text) refers to stm32f10x_gpio.o(.text) for GPIO_Init
    w25qxx.o(.text) refers to __2printf.o(.text) for __2printf
    w25qxx.o(.text) refers to delay.o(.text) for delay_us
    w25qxx.o(.text) refers to w25qxx.o(.data) for W25QXX_TYPE
    w25qxx.o(.text) refers to w25qxx.o(.bss) for W25QXX_BUFFER
[...]
    main                                     0x080005cf   Thumb Code  1052  main.o(.text)
    Delay                                    0x080009eb   Thumb Code    18  main.o(.text)
    DISABLE_NVIC_Configuration               0x080009fd   Thumb Code    68  main.o(.text)
    NMI_Handler                              0x08000b41   Thumb Code     2  stm32f10x_it.o(.text)
    HardFault_Handler                        0x08000b43   Thumb Code     4  stm32f10x_it.o(.text)
    MemManage_Handler                        0x08000b47   Thumb Code     4  stm32f10x_it.o(.text)
    BusFault_Handler                         0x08000b4b   Thumb Code     4  stm32f10x_it.o(.text)
    UsageFault_Handler                       0x08000b4f   Thumb Code     4  stm32f10x_it.o(.text)
    SVC_Handler                              0x08000b53   Thumb Code     2  stm32f10x_it.o(.text)
    DebugMon_Handler                         0x08000b55   Thumb Code     2  stm32f10x_it.o(.text)
    PendSV_Handler                           0x08000b57   Thumb Code     2  stm32f10x_it.o(.text)
    SysTick_Handler                          0x08000b59   Thumb Code     2  stm32f10x_it.o(.text)
    USART1_IRQHandler                        0x08000b5b   Thumb Code    50  stm32f10x_it.o(.text)
    USART2_IRQHandler                        0x08000b8d   Thumb Code    58  stm32f10x_it.o(.text)
    USART3_IRQHandler                        0x08000bc7   Thumb Code    58  stm32f10x_it.o(.text)
    SystemInit                               0x08000cef   Thumb Code    78  system_stm32f10x.o(.text)
    SystemCoreClockUpdate                    0x08000d3d   Thumb Code   142  system_stm32f10x.o(.text)
    LED_Init                                 0x08000df1   Thumb Code    68  led.o(.text)
    KEY_Init                                 0x08000e3d   Thumb Code    52  key.o(.text)
    KEY_Scan                                 0x08000e71   Thumb Code   188  key.o(.text)
    LCD_WR_REG                               0x08000f39   Thumb Code     6  lcd.o(.text)
    LCD_WR_DATA                              0x08000f3f   Thumb Code     8  lcd.o(.text)
    LCD_RD_DATA                              0x08000f47   Thumb Code    16  lcd.o(.text)
    LCD_WriteReg                             0x08000f57   Thumb Code    10  lcd.o(.text)
    LCD_ReadReg                              0x08000f61   Thumb Code    22  lcd.o(.text)
    LCD_WriteRAM_Prepare                     0x08000f77   Thumb Code    10  lcd.o(.text)
    LCD_WriteRAM                             0x08000f81   Thumb Code     8  lcd.o(.text)
    LCD_BGR2RGB                              0x08000f89   Thumb Code    26  lcd.o(.text)
    opt_delay                                0x08000fa3   Thumb Code    14  lcd.o(.text)
    LCD_SetCursor                            0x08000fb1   Thumb Code   418  lcd.o(.text)
    LCD_ReadPoint                            0x08001153   Thumb Code   360  lcd.o(.text)
    LCD_DisplayOn                            0x080012bb   Thumb Code   102  lcd.o(.text)
    LCD_DisplayOff                           0x08001321   Thumb Code    90  lcd.o(.text)
    LCD_Scan_Dir                             0x0800137b   Thumb Code   744  lcd.o(.text)
    LCD_DrawPoint                            0x08001663   Thumb Code    28  lcd.o(.text)
    LCD_Fast_DrawPoint                       0x0800167f   Thumb Code   384  lcd.o(.text)
    LCD_SSD_BackLightSet                     0x080017ff   Thumb Code    80  lcd.o(.text)
    LCD_Display_Dir                          0x0800184f   Thumb Code   444  lcd.o(.text)
    LCD_Set_Window                           0x08001a0b   Thumb Code   540  lcd.o(.text)
    LCD_Clear                                0x08001c27   Thumb Code   100  lcd.o(.text)
    LCD_Init                                 0x08001c8b   Thumb Code 14190  lcd.o(.text)
    LCD_Fill                                 0x080053f9   Thumb Code   178  lcd.o(.text)
    LCD_Color_Fill                           0x080054ab   Thumb Code   106  lcd.o(.text)
    LCD_DrawLine                             0x08005515   Thumb Code   176  lcd.o(.text)
    LCD_DrawRectangle                        0x080055c5   Thumb Code    60  lcd.o(.text)
    LCD_Draw_Circle                          0x08005601   Thumb Code   152  lcd.o(.text)
    LCD_ShowChar                             0x08005699   Thumb Code   272  lcd.o(.text)
    LCD_Pow                                  0x080057a9   Thumb Code    22  lcd.o(.text)
    LCD_ShowNum                              0x080057bf   Thumb Code   148  lcd.o(.text)
    LCD_ShowxNum                             0x08005853   Thumb Code   220  lcd.o(.text)
    LCD_ShowString                           0x0800592f   Thumb Code   102  lcd.o(.text)
    SPI2_ReadWriteByte                       0x08005995   Thumb Code    78  spi.o(.text)
    SPI2_Init                                0x080059e3   Thumb Code   140  spi.o(.text)
    SPI2_SetSpeed                            0x08005a6f   Thumb Code    36  spi.o(.text)
    W25QXX_ReadID                            0x08005a9d   Thumb Code    64  w25qxx.o(.text)
    W25QXX_Init                              0x08005add   Thumb Code    74  w25qxx.o(.text)
    W25QXX_ReadSR                            0x08005b27   Thumb Code    36  w25qxx.o(.text)
    W25QXX_Write_SR                          0x08005b4b   Thumb Code    32  w25qxx.o(.text)
    W25QXX_Write_Enable                      0x08005b6b   Thumb Code    24  w25qxx.o(.text)
    W25QXX_Write_Disable                     0x08005b83   Thumb Code    24  w25qxx.o(.text)
    W25QXX_Read                              0x08005b9b   Thumb Code    74  w25qxx.o(.text)
    W25QXX_Wait_Busy                         0x08005be5   Thumb Code    18  w25qxx.o(.text)
    W25QXX_Write_Page                        0x08005bf7   Thumb Code    80  w25qxx.o(.text)
    W25QXX_Write_NoCheck                     0x08005c47   Thumb Code    70  w25qxx.o(.text)
    W25QXX_Erase_Sector                      0x08005c8d   Thumb Code    70  w25qxx.o(.text)
    W25QXX_Write                             0x08005cd3   Thumb Code   180  w25qxx.o(.text)
    W25QXX_Erase_Chip                        0x08005d87   Thumb Code    36  w25qxx.o(.text)
    W25QXX_PowerDown                         0x08005dab   Thumb Code    30  w25qxx.o(.text)
    W25QXX_WAKEUP                            0x08005dc9   Thumb Code    30  w25qxx.o(.text)
    SD_SetDeviceMode                         0x08005e05   Thumb Code    20  sdio_sdcard.o(.text)
    SDIO_Clock_Set                           0x08005e19   Thumb Code    16  sdio_sdcard.o(.text)
    CmdResp1Error                            0x08005e29   Thumb Code    90  sdio_sdcard.o(.text)
    FindSCR                                  0x08005e83   Thumb Code   386  sdio_sdcard.o(.text)
    SDEnWideBus                              0x08006005   Thumb Code   158  sdio_sdcard.o(.text)
    SD_EnableWideBusOperation                0x080060a3   Thumb Code    94  sdio_sdcard.o(.text)
    SD_SelectDeselect                        0x08006101   Thumb Code    42  sdio_sdcard.o(.text)
    SD_GetCardInfo                           0x0800612b   Thumb Code   802  sdio_sdcard.o(.text)
    CmdResp2Error                            0x0800644d   Thumb Code    80  sdio_sdcard.o(.text)
    CmdResp6Error                            0x0800649d   Thumb Code   140  sdio_sdcard.o(.text)
    SD_InitializeCards                       0x08006529   Thumb Code   336  sdio_sdcard.o(.text)
    CmdResp3Error                            0x08006679   Thumb Code    50  sdio_sdcard.o(.text)
    CmdResp7Error                            0x080066ab   Thumb Code    70  sdio_sdcard.o(.text)
    CmdError                                 0x080066f1   Thumb Code    48  sdio_sdcard.o(.text)
    SD_PowerON                               0x08006721   Thumb Code   450  sdio_sdcard.o(.text)
    SD_Init                                  0x080068e3   Thumb Code   238  sdio_sdcard.o(.text)
    SD_PowerOFF                              0x080069d1   Thumb Code    12  sdio_sdcard.o(.text)
    SD_DMA_Config                            0x080069dd   Thumb Code   146  sdio_sdcard.o(.text)
    convert_from_bytes_to_power_of_two       0x08006a6f   Thumb Code    18  sdio_sdcard.o(.text)
    SD_ReadBlock                             0x08006a81   Thumb Code   560  sdio_sdcard.o(.text)
    SD_ReadMultiBlocks                       0x08006cb1   Thumb Code   742  sdio_sdcard.o(.text)
    IsCardProgramming                        0x08006f97   Thumb Code   142  sdio_sdcard.o(.text)
    SD_WriteBlock                            0x08007025   Thumb Code   888  sdio_sdcard.o(.text)
    SD_WriteMultiBlocks                      0x0800739d   Thumb Code   962  sdio_sdcard.o(.text)
    SD_ProcessIRQSrc                         0x0800775f   Thumb Code   294  sdio_sdcard.o(.text)
    SDIO_IRQHandler                          0x08007885   Thumb Code     8  sdio_sdcard.o(.text)
    SD_SendStatus                            0x0800788d   Thumb Code    72  sdio_sdcard.o(.text)
    SD_GetState                              0x080078d5   Thumb Code    26  sdio_sdcard.o(.text)
    SD_ReadDisk                              0x080078ef   Thumb Code   148  sdio_sdcard.o(.text)
    SD_WriteDisk                             0x08007983   Thumb Code   148  sdio_sdcard.o(.text)
    delay_init                               0x08007a35   Thumb Code    50  delay.o(.text)
    delay_us                                 0x08007a67   Thumb Code    72  delay.o(.text)
    delay_ms                                 0x08007aaf   Thumb Code    72  delay.o(.text)
    WFI_SET                                  0x08007b09   Thumb Code     4  sys.o(.text)
    INTX_DISABLE                             0x08007b0d   Thumb Code     4  sys.o(.text)
    INTX_ENABLE                              0x08007b11   Thumb Code     4  sys.o(.text)
    _sys_exit                                0x08007b15   Thumb Code     6  usart.o(.text)
    fputc                                    0x08007b1b   Thumb Code    24  usart.o(.text)
    uart_init                                0x08007b33   Thumb Code   152  usart.o(.text)
    Reset_Handler                            0x08007bd5   Thumb Code     8  startup_stm32f10x_hd.o(.text)
    ADC1_2_IRQHandler                        0x08007bef   Thumb Code     0  startup_stm32f10x_hd.o(.text)
    ADC3_IRQHandler                          0x08007bef   Thumb Code     0  startup_stm32f10x_hd.o(.text)
    CAN1_RX1_IRQHandler                      0x08007bef   Thumb Code     0  startup_stm32f10x_hd.o(.text)
    CAN1_SCE_IRQHandler                      0x08007bef   Thumb Code     0  startup_stm32f10x_hd.o(.text)
    DMA1_Channel1_IRQHandler                 0x08007bef   Thumb Code     0  startup_stm32f10x_hd.o(.text)
    DMA1_Channel2_IRQHandler                 0x08007bef   Thumb Code     0  startup_stm32f10x_hd.o(.text)
    DMA1_Channel3_IRQHandler                 0x08007bef   Thumb Code     0  startup_stm32f10x_hd.o(.text)
    DMA1_Channel4_IRQHandler                 0x08007bef   Thumb Code     0  startup_stm32f10x_hd.o(.text)
    DMA1_Channel5_IRQHandler                 0x08007bef   Thumb Code     0  startup_stm32f10x_hd.o(.text)
    DMA1_Channel6_IRQHandler                 0x08007bef   Thumb Code     0  startup_stm32f10x_hd.o(.text)
    DMA1_Channel7_IRQHandler                 0x08007bef   Thumb Code     0  startup_stm32f10x_hd.o(.text)
    DMA2_Channel1_IRQHandler                 0x08007bef   Thumb Code     0  startup_stm32f10x_hd.o(.text)
    DMA2_Channel2_IRQHandler                 0x08007bef   Thumb Code     0  startup_stm32f10x_hd.o(.text)
    DMA2_Channel3_IRQHandler                 0x08007bef   Thumb Code     0  startup_stm32f10x_hd.o(.text)
    DMA2_Channel4_5_IRQHandler               0x08007bef   Thumb Code     0  startup_stm32f10x_hd.o(.text)
    EXTI0_IRQHandler                         0x08007bef   Thumb Code     0  startup_stm32f10x_hd.o(.text)
    EXTI15_10_IRQHandler                     0x08007bef   Thumb Code     0  startup_stm32f10x_hd.o(.text)
    EXTI1_IRQHandler                         0x08007bef   Thumb Code     0  startup_stm32f10x_hd.o(.text)
    EXTI2_IRQHandler                         0x08007bef   Thumb Code     0  startup_stm32f10x_hd.o(.text)
    EXTI3_IRQHandler                         0x08007bef   Thumb Code     0  startup_stm32f10x_hd.o(.text)
    EXTI4_IRQHandler                         0x08007bef   Thumb Code     0  startup_stm32f10x_hd.o(.text)
    EXTI9_5_IRQHandler                       0x08007bef   Thumb Code     0  startup_stm32f10x_hd.o(.text)
    FLASH_IRQHandler                         0x08007bef   Thumb Code     0  startup_stm32f10x_hd.o(.text)
    FSMC_IRQHandler                          0x08007bef   Thumb Code     0  startup_stm32f10x_hd.o(.text)
    I2C1_ER_IRQHandler                       0x08007bef   Thumb Code     0  startup_stm32f10x_hd.o(.text)
    I2C1_EV_IRQHandler                       0x08007bef   Thumb Code     0  startup_stm32f10x_hd.o(.text)
    I2C2_ER_IRQHandler                       0x08007bef   Thumb Code     0  startup_stm32f10x_hd.o(.text)
    I2C2_EV_IRQHandler                       0x08007bef   Thumb Code     0  startup_stm32f10x_hd.o(.text)
    PVD_IRQHandler                           0x08007bef   Thumb Code     0  startup_stm32f10x_hd.o(.text)
    RCC_IRQHandler                           0x08007bef   Thumb Code     0  startup_stm32f10x_hd.o(.text)
    RTCAlarm_IRQHandler                      0x08007bef   Thumb Code     0  startup_stm32f10x_hd.o(.text)
    RTC_IRQHandler                           0x08007bef   Thumb Code     0  startup_stm32f10x_hd.o(.text)
    SPI1_IRQHandler                          0x08007bef   Thumb Code     0  startup_stm32f10x_hd.o(.text)
    SPI2_IRQHandler                          0x08007bef   Thumb Code     0  startup_stm32f10x_hd.o(.text)
    SPI3_IRQHandler                          0x08007bef   Thumb Code     0  startup_stm32f10x_hd.o(.text)
    TAMPER_IRQHandler                        0x08007bef   Thumb Code     0  startup_stm32f10x_hd.o(.text)
    TIM1_BRK_IRQHandler                      0x08007bef   Thumb Code     0  startup_stm32f10x_hd.o(.text)
    TIM1_CC_IRQHandler                       0x08007bef   Thumb Code     0  startup_stm32f10x_hd.o(.text)
    TIM1_TRG_COM_IRQHandler                  0x08007bef   Thumb Code     0  startup_stm32f10x_hd.o(.text)
    TIM1_UP_IRQHandler                       0x08007bef   Thumb Code     0  startup_stm32f10x_hd.o(.text)
    TIM2_IRQHandler                          0x08007bef   Thumb Code     0  startup_stm32f10x_hd.o(.text)
    TIM3_IRQHandler                          0x08007bef   Thumb Code     0  startup_stm32f10x_hd.o(.text)
    TIM5_IRQHandler                          0x08007bef   Thumb Code     0  startup_stm32f10x_hd.o(.text)
    TIM6_IRQHandler                          0x08007bef   Thumb Code     0  startup_stm32f10x_hd.o(.text)
    TIM7_IRQHandler                          0x08007bef   Thumb Code     0  startup_stm32f10x_hd.o(.text)
    TIM8_BRK_IRQHandler                      0x08007bef   Thumb Code     0  startup_stm32f10x_hd.o(.text)
    TIM8_CC_IRQHandler                       0x08007bef   Thumb Code     0  startup_stm32f10x_hd.o(.text)
    TIM8_TRG_COM_IRQHandler                  0x08007bef   Thumb Code     0  startup_stm32f10x_hd.o(.text)
    TIM8_UP_IRQHandler                       0x08007bef   Thumb Code     0  startup_stm32f10x_hd.o(.text)
    UART4_IRQHandler                         0x08007bef   Thumb Code     0  startup_stm32f10x_hd.o(.text)
    UART5_IRQHandler                         0x08007bef   Thumb Code     0  startup_stm32f10x_hd.o(.text)
    USBWakeUp_IRQHandler                     0x08007bef   Thumb Code     0  startup_stm32f10x_hd.o(.text)
    USB_HP_CAN1_TX_IRQHandler                0x08007bef   Thumb Code     0  startup_stm32f10x_hd.o(.text)
    USB_LP_CAN1_RX0_IRQHandler               0x08007bef   Thumb Code     0  startup_stm32f10x_hd.o(.text)
    WWDG_IRQHandler                          0x08007bef   Thumb Code     0  startup_stm32f10x_hd.o(.text)
    __user_initial_stackheap                 0x08007bf1   Thumb Code     0  startup_stm32f10x_hd.o(.text)
    NVIC_PriorityGroupConfig                 0x08007c15   Thumb Code    10  misc.o(.text)
    NVIC_Init                                0x08007c1f   Thumb Code   100  misc.o(.text)
    NVIC_SetVectorTable                      0x08007c83   Thumb Code    14  misc.o(.text)
    NVIC_SystemLPConfig                      0x08007c91   Thumb Code    34  misc.o(.text)
    SysTick_CLKSourceConfig                  0x08007cb3   Thumb Code    40  misc.o(.text)
    FSMC_NORSRAMDeInit                       0x08007cf1   Thumb Code    54  stm32f10x_fsmc.o(.text)
    FSMC_NANDDeInit                          0x08007d27   Thumb Code    62  stm32f10x_fsmc.o(.text)
    FSMC_PCCARDDeInit                        0x08007d65   Thumb Code    36  stm32f10x_fsmc.o(.text)
    FSMC_NORSRAMInit                         0x08007d89   Thumb Code   230  stm32f10x_fsmc.o(.text)
    FSMC_NANDInit                            0x08007e6f   Thumb Code   132  stm32f10x_fsmc.o(.text)
    FSMC_PCCARDInit                          0x08007ef3   Thumb Code   130  stm32f10x_fsmc.o(.text)
    FSMC_NORSRAMStructInit                   0x08007f75   Thumb Code   114  stm32f10x_fsmc.o(.text)
    FSMC_NANDStructInit                      0x08007fe7   Thumb Code    54  stm32f10x_fsmc.o(.text)
    FSMC_PCCARDStructInit                    0x0800801d   Thumb Code    60  stm32f10x_fsmc.o(.text)
    FSMC_NORSRAMCmd                          0x08008059   Thumb Code    46  stm32f10x_fsmc.o(.text)
    FSMC_NANDCmd                             0x08008087   Thumb Code    86  stm32f10x_fsmc.o(.text)
    FSMC_PCCARDCmd                           0x080080dd   Thumb Code    44  stm32f10x_fsmc.o(.text)
    FSMC_NANDECCCmd                          0x08008109   Thumb Code    90  stm32f10x_fsmc.o(.text)
    FSMC_GetECC                              0x08008163   Thumb Code    24  stm32f10x_fsmc.o(.text)
    FSMC_ITConfig                            0x0800817b   Thumb Code   128  stm32f10x_fsmc.o(.text)
    FSMC_GetFlagStatus                       0x080081fb   Thumb Code    54  stm32f10x_fsmc.o(.text)
    FSMC_ClearFlag                           0x08008231   Thumb Code    62  stm32f10x_fsmc.o(.text)
    FSMC_GetITStatus                         0x0800826f   Thumb Code    64  stm32f10x_fsmc.o(.text)
    FSMC_ClearITPendingBit                   0x080082af   Thumb Code    68  stm32f10x_fsmc.o(.text)
    GPIO_DeInit                              0x080082fd   Thumb Code   172  stm32f10x_gpio.o(.text)
    GPIO_AFIODeInit                          0x080083a9   Thumb Code    20  stm32f10x_gpio.o(.text)
    GPIO_Init                                0x080083bd   Thumb Code   278  stm32f10x_gpio.o(.text)
    GPIO_StructInit                          0x080084d3   Thumb Code    16  stm32f10x_gpio.o(.text)
    GPIO_ReadInputDataBit                    0x080084e3   Thumb Code    18  stm32f10x_gpio.o(.text)
    GPIO_ReadInputData                       0x080084f5   Thumb Code     8  stm32f10x_gpio.o(.text)
    GPIO_ReadOutputDataBit                   0x080084fd   Thumb Code    18  stm32f10x_gpio.o(.text)
    GPIO_ReadOutputData                      0x0800850f   Thumb Code     8  stm32f10x_gpio.o(.text)
    GPIO_SetBits                             0x08008517   Thumb Code     4  stm32f10x_gpio.o(.text)
    GPIO_ResetBits                           0x0800851b   Thumb Code     4  stm32f10x_gpio.o(.text)
    GPIO_WriteBit                            0x0800851f   Thumb Code    10  stm32f10x_gpio.o(.text)
    GPIO_Write                               0x08008529   Thumb Code     4  stm32f10x_gpio.o(.text)
    GPIO_PinLockConfig                       0x0800852d   Thumb Code    18  stm32f10x_gpio.o(.text)
    GPIO_EventOutputConfig                   0x0800853f   Thumb Code    26  stm32f10x_gpio.o(.text)
    GPIO_EventOutputCmd                      0x08008559   Thumb Code     6  stm32f10x_gpio.o(.text)
    GPIO_PinRemapConfig                      0x0800855f   Thumb Code   138  stm32f10x_gpio.o(.text)
    GPIO_EXTILineConfig                      0x080085e9   Thumb Code    66  stm32f10x_gpio.o(.text)
    GPIO_ETH_MediaInterfaceConfig            0x0800862b   Thumb Code     8  stm32f10x_gpio.o(.text)
    RCC_DeInit                               0x08008659   Thumb Code    64  stm32f10x_rcc.o(.text)
    RCC_HSEConfig                            0x08008699   Thumb Code    70  stm32f10x_rcc.o(.text)
    RCC_GetFlagStatus                        0x080086df   Thumb Code    56  stm32f10x_rcc.o(.text)
    RCC_WaitForHSEStartUp                    0x08008717   Thumb Code    56  stm32f10x_rcc.o(.text)
    RCC_AdjustHSICalibrationValue            0x0800874f   Thumb Code    20  stm32f10x_rcc.o(.text)
    RCC_HSICmd                               0x08008763   Thumb Code     6  stm32f10x_rcc.o(.text)
    RCC_PLLConfig                            0x08008769   Thumb Code    24  stm32f10x_rcc.o(.text)
    RCC_PLLCmd                               0x08008781   Thumb Code     6  stm32f10x_rcc.o(.text)
    RCC_SYSCLKConfig                         0x08008787   Thumb Code    18  stm32f10x_rcc.o(.text)
    RCC_GetSYSCLKSource                      0x08008799   Thumb Code    10  stm32f10x_rcc.o(.text)
    RCC_HCLKConfig                           0x080087a3   Thumb Code    18  stm32f10x_rcc.o(.text)
    RCC_PCLK1Config                          0x080087b5   Thumb Code    18  stm32f10x_rcc.o(.text)
    RCC_PCLK2Config                          0x080087c7   Thumb Code    20  stm32f10x_rcc.o(.text)
    RCC_ITConfig                             0x080087db   Thumb Code    26  stm32f10x_rcc.o(.text)
    RCC_USBCLKConfig                         0x080087f5   Thumb Code     8  stm32f10x_rcc.o(.text)
    RCC_ADCCLKConfig                         0x080087fd   Thumb Code    18  stm32f10x_rcc.o(.text)
    RCC_LSEConfig                            0x0800880f   Thumb Code    50  stm32f10x_rcc.o(.text)
    RCC_LSICmd                               0x08008841   Thumb Code     6  stm32f10x_rcc.o(.text)
    RCC_RTCCLKConfig                         0x08008847   Thumb Code    12  stm32f10x_rcc.o(.text)
    RCC_RTCCLKCmd                            0x08008853   Thumb Code     8  stm32f10x_rcc.o(.text)
    RCC_GetClocksFreq                        0x0800885b   Thumb Code   192  stm32f10x_rcc.o(.text)
    RCC_AHBPeriphClockCmd                    0x0800891b   Thumb Code    26  stm32f10x_rcc.o(.text)
    RCC_APB2PeriphClockCmd                   0x08008935   Thumb Code    26  stm32f10x_rcc.o(.text)
    RCC_APB1PeriphClockCmd                   0x0800894f   Thumb Code    26  stm32f10x_rcc.o(.text)
    RCC_APB2PeriphResetCmd                   0x08008969   Thumb Code    26  stm32f10x_rcc.o(.text)
    RCC_APB1PeriphResetCmd                   0x08008983   Thumb Code    26  stm32f10x_rcc.o(.text)
    RCC_BackupResetCmd                       0x0800899d   Thumb Code     8  stm32f10x_rcc.o(.text)
    RCC_ClockSecuritySystemCmd               0x080089a5   Thumb Code     6  stm32f10x_rcc.o(.text)
    RCC_MCOConfig                            0x080089ab   Thumb Code     6  stm32f10x_rcc.o(.text)
    RCC_ClearFlag                            0x080089b1   Thumb Code    14  stm32f10x_rcc.o(.text)
    RCC_GetITStatus                          0x080089bf   Thumb Code    20  stm32f10x_rcc.o(.text)
    RCC_ClearITPendingBit                    0x080089d3   Thumb Code     6  stm32f10x_rcc.o(.text)
    SPI_I2S_DeInit                           0x080089fd   Thumb Code    76  stm32f10x_spi.o(.text)
    SPI_Init                                 0x08008a49   Thumb Code    60  stm32f10x_spi.o(.text)
    I2S_Init                                 0x08008a85   Thumb Code   226  stm32f10x_spi.o(.text)
    SPI_StructInit                           0x08008b67   Thumb Code    24  stm32f10x_spi.o(.text)
    I2S_StructInit                           0x08008b7f   Thumb Code    20  stm32f10x_spi.o(.text)
    SPI_Cmd                                  0x08008b93   Thumb Code    24  stm32f10x_spi.o(.text)
    I2S_Cmd                                  0x08008bab   Thumb Code    24  stm32f10x_spi.o(.text)
    SPI_I2S_ITConfig                         0x08008bc3   Thumb Code    32  stm32f10x_spi.o(.text)
    SPI_I2S_DMACmd                           0x08008be3   Thumb Code    18  stm32f10x_spi.o(.text)
    SPI_I2S_SendData                         0x08008bf5   Thumb Code     4  stm32f10x_spi.o(.text)
    SPI_I2S_ReceiveData                      0x08008bf9   Thumb Code     6  stm32f10x_spi.o(.text)
    SPI_NSSInternalSoftwareConfig            0x08008bff   Thumb Code    30  stm32f10x_spi.o(.text)
    SPI_SSOutputCmd                          0x08008c1d   Thumb Code    24  stm32f10x_spi.o(.text)
    SPI_DataSizeConfig                       0x08008c35   Thumb Code    18  stm32f10x_spi.o(.text)
    SPI_TransmitCRC                          0x08008c47   Thumb Code    10  stm32f10x_spi.o(.text)
    SPI_CalculateCRC                         0x08008c51   Thumb Code    24  stm32f10x_spi.o(.text)
    SPI_GetCRC                               0x08008c69   Thumb Code    16  stm32f10x_spi.o(.text)
    SPI_GetCRCPolynomial                     0x08008c79   Thumb Code     6  stm32f10x_spi.o(.text)
    SPI_BiDirectionalLineConfig              0x08008c7f   Thumb Code    28  stm32f10x_spi.o(.text)
    SPI_I2S_GetFlagStatus                    0x08008c9b   Thumb Code    18  stm32f10x_spi.o(.text)
    SPI_I2S_ClearFlag                        0x08008cad   Thumb Code     6  stm32f10x_spi.o(.text)
    SPI_I2S_GetITStatus                      0x08008cb3   Thumb Code    52  stm32f10x_spi.o(.text)
    SPI_I2S_ClearITPendingBit                0x08008ce7   Thumb Code    20  stm32f10x_spi.o(.text)
    USART_DeInit                             0x08008d09   Thumb Code   134  stm32f10x_usart.o(.text)
    USART_Init                               0x08008d8f   Thumb Code   210  stm32f10x_usart.o(.text)
    USART_StructInit                         0x08008e61   Thumb Code    24  stm32f10x_usart.o(.text)
    USART_ClockInit                          0x08008e79   Thumb Code    34  stm32f10x_usart.o(.text)
    USART_ClockStructInit                    0x08008e9b   Thumb Code    12  stm32f10x_usart.o(.text)
    USART_Cmd                                0x08008ea7   Thumb Code    24  stm32f10x_usart.o(.text)
    USART_ITConfig                           0x08008ebf   Thumb Code    74  stm32f10x_usart.o(.text)
    USART_DMACmd                             0x08008f09   Thumb Code    18  stm32f10x_usart.o(.text)
    USART_SetAddress                         0x08008f1b   Thumb Code    18  stm32f10x_usart.o(.text)
    USART_WakeUpConfig                       0x08008f2d   Thumb Code    18  stm32f10x_usart.o(.text)
    USART_ReceiverWakeUpCmd                  0x08008f3f   Thumb Code    24  stm32f10x_usart.o(.text)
    USART_LINBreakDetectLengthConfig         0x08008f57   Thumb Code    18  stm32f10x_usart.o(.text)
    USART_LINCmd                             0x08008f69   Thumb Code    24  stm32f10x_usart.o(.text)
    USART_SendData                           0x08008f81   Thumb Code     8  stm32f10x_usart.o(.text)
    USART_ReceiveData                        0x08008f89   Thumb Code    10  stm32f10x_usart.o(.text)
    USART_SendBreak                          0x08008f93   Thumb Code    10  stm32f10x_usart.o(.text)
    USART_SetGuardTime                       0x08008f9d   Thumb Code    16  stm32f10x_usart.o(.text)
    USART_SetPrescaler                       0x08008fad   Thumb Code    16  stm32f10x_usart.o(.text)
    USART_SmartCardCmd                       0x08008fbd   Thumb Code    24  stm32f10x_usart.o(.text)
    USART_SmartCardNACKCmd                   0x08008fd5   Thumb Code    24  stm32f10x_usart.o(.text)
    USART_HalfDuplexCmd                      0x08008fed   Thumb Code    24  stm32f10x_usart.o(.text)
    USART_OverSampling8Cmd                   0x08009005   Thumb Code    22  stm32f10x_usart.o(.text)
    USART_OneBitMethodCmd                    0x0800901b   Thumb Code    24  stm32f10x_usart.o(.text)
    USART_IrDAConfig                         0x08009033   Thumb Code    18  stm32f10x_usart.o(.text)
    USART_IrDACmd                            0x08009045   Thumb Code    24  stm32f10x_usart.o(.text)
    USART_GetFlagStatus                      0x0800905d   Thumb Code    26  stm32f10x_usart.o(.text)
    USART_ClearFlag                          0x08009077   Thumb Code    18  stm32f10x_usart.o(.text)
    USART_GetITStatus                        0x08009089   Thumb Code    84  stm32f10x_usart.o(.text)
    USART_ClearITPendingBit                  0x080090dd   Thumb Code    52  stm32f10x_usart.o(.text)
    TIM_DeInit                               0x08009111   Thumb Code   424  stm32f10x_tim.o(.text)
    TIM_TimeBaseInit                         0x080092b9   Thumb Code   122  stm32f10x_tim.o(.text)
    TIM_OC1Init                              0x08009333   Thumb Code   132  stm32f10x_tim.o(.text)
    TIM_OC2Init                              0x080093b7   Thumb Code   154  stm32f10x_tim.o(.text)
    TIM_OC3Init                              0x08009451   Thumb Code   150  stm32f10x_tim.o(.text)
    TIM_OC4Init                              0x080094e7   Thumb Code   182  stm32f10x_tim.o(.text)
    TIM_SetIC4Prescaler                      0x0800959d   Thumb Code    26  stm32f10x_tim.o(.text)
    TIM_SetIC3Prescaler                      0x08009639   Thumb Code    18  stm32f10x_tim.o(.text)
    TIM_SetIC2Prescaler                      0x080096c5   Thumb Code    26  stm32f10x_tim.o(.text)
    TIM_SetIC1Prescaler                      0x08009761   Thumb Code    18  stm32f10x_tim.o(.text)
    TIM_ICInit                               0x080097df   Thumb Code   150  stm32f10x_tim.o(.text)
    TIM_PWMIConfig                           0x08009875   Thumb Code   124  stm32f10x_tim.o(.text)
    TIM_BDTRConfig                           0x080098f1   Thumb Code    32  stm32f10x_tim.o(.text)
    TIM_TimeBaseStructInit                   0x08009911   Thumb Code    18  stm32f10x_tim.o(.text)
    TIM_OCStructInit                         0x08009923   Thumb Code    20  stm32f10x_tim.o(.text)
    TIM_ICStructInit                         0x08009937   Thumb Code    18  stm32f10x_tim.o(.text)
    TIM_BDTRStructInit                       0x08009949   Thumb Code    40  stm32f10x_tim.o(.text)
    TIM_Cmd                                  0x08009971   Thumb Code    24  stm32f10x_tim.o(.text)
    TIM_CtrlPWMOutputs                       0x08009989   Thumb Code    30  stm32f10x_tim.o(.text)
    TIM_ITConfig                             0x080099a7   Thumb Code    18  stm32f10x_tim.o(.text)
    TIM_GenerateEvent                        0x080099b9   Thumb Code     4  stm32f10x_tim.o(.text)
    TIM_DMAConfig                            0x080099bd   Thumb Code    10  stm32f10x_tim.o(.text)
    TIM_DMACmd                               0x080099c7   Thumb Code    18  stm32f10x_tim.o(.text)
    TIM_InternalClockConfig                  0x080099d9   Thumb Code    12  stm32f10x_tim.o(.text)
    TIM_SelectInputTrigger                   0x080099e5   Thumb Code    18  stm32f10x_tim.o(.text)
    TIM_ITRxExternalClockConfig              0x080099f7   Thumb Code    24  stm32f10x_tim.o(.text)
    TIM_TIxExternalClockConfig               0x08009a0f   Thumb Code    62  stm32f10x_tim.o(.text)
    TIM_ETRConfig                            0x08009a4d   Thumb Code    28  stm32f10x_tim.o(.text)
    TIM_ETRClockMode1Config                  0x08009a69   Thumb Code    54  stm32f10x_tim.o(.text)
    TIM_ETRClockMode2Config                  0x08009a9f   Thumb Code    32  stm32f10x_tim.o(.text)
    TIM_PrescalerConfig                      0x08009abf   Thumb Code     6  stm32f10x_tim.o(.text)
    TIM_CounterModeConfig                    0x08009ac5   Thumb Code    18  stm32f10x_tim.o(.text)
    TIM_EncoderInterfaceConfig               0x08009ad7   Thumb Code    66  stm32f10x_tim.o(.text)
    TIM_ForcedOC1Config                      0x08009b19   Thumb Code    18  stm32f10x_tim.o(.text)
    TIM_ForcedOC2Config                      0x08009b2b   Thumb Code    26  stm32f10x_tim.o(.text)
    TIM_ForcedOC3Config                      0x08009b45   Thumb Code    18  stm32f10x_tim.o(.text)
    TIM_ForcedOC4Config                      0x08009b57   Thumb Code    26  stm32f10x_tim.o(.text)
    TIM_ARRPreloadConfig                     0x08009b71   Thumb Code    24  stm32f10x_tim.o(.text)
    TIM_SelectCOM                            0x08009b89   Thumb Code    24  stm32f10x_tim.o(.text)
    TIM_SelectCCDMA                          0x08009ba1   Thumb Code    24  stm32f10x_tim.o(.text)
    TIM_CCPreloadControl                     0x08009bb9   Thumb Code    24  stm32f10x_tim.o(.text)
    TIM_OC1PreloadConfig                     0x08009bd1   Thumb Code    18  stm32f10x_tim.o(.text)
    TIM_OC2PreloadConfig                     0x08009be3   Thumb Code    26  stm32f10x_tim.o(.text)
    TIM_OC3PreloadConfig                     0x08009bfd   Thumb Code    18  stm32f10x_tim.o(.text)
    TIM_OC4PreloadConfig                     0x08009c0f   Thumb Code    26  stm32f10x_tim.o(.text)
    TIM_OC1FastConfig                        0x08009c29   Thumb Code    18  stm32f10x_tim.o(.text)
    TIM_OC2FastConfig                        0x08009c3b   Thumb Code    26  stm32f10x_tim.o(.text)
    TIM_OC3FastConfig                        0x08009c55   Thumb Code    18  stm32f10x_tim.o(.text)
    TIM_OC4FastConfig                        0x08009c67   Thumb Code    26  stm32f10x_tim.o(.text)
    TIM_ClearOC1Ref                          0x08009c81   Thumb Code    18  stm32f10x_tim.o(.text)
    TIM_ClearOC2Ref                          0x08009c93   Thumb Code    24  stm32f10x_tim.o(.text)
    TIM_ClearOC3Ref                          0x08009cab   Thumb Code    18  stm32f10x_tim.o(.text)
    TIM_ClearOC4Ref                          0x08009cbd   Thumb Code    24  stm32f10x_tim.o(.text)
    TIM_OC1PolarityConfig                    0x08009cd5   Thumb Code    18  stm32f10x_tim.o(.text)
    TIM_OC1NPolarityConfig                   0x08009ce7   Thumb Code    18  stm32f10x_tim.o(.text)
    TIM_OC2PolarityConfig                    0x08009cf9   Thumb Code    26  stm32f10x_tim.o(.text)
    TIM_OC2NPolarityConfig                   0x08009d13   Thumb Code    26  stm32f10x_tim.o(.text)
    TIM_OC3PolarityConfig                    0x08009d2d   Thumb Code    26  stm32f10x_tim.o(.text)
    TIM_OC3NPolarityConfig                   0x08009d47   Thumb Code    26  stm32f10x_tim.o(.text)
    TIM_OC4PolarityConfig                    0x08009d61   Thumb Code    26  stm32f10x_tim.o(.text)
    TIM_CCxCmd                               0x08009d7b   Thumb Code    30  stm32f10x_tim.o(.text)
    TIM_CCxNCmd                              0x08009d99   Thumb Code    30  stm32f10x_tim.o(.text)
    TIM_SelectOCxM                           0x08009db7   Thumb Code    82  stm32f10x_tim.o(.text)
    TIM_UpdateDisableConfig                  0x08009e09   Thumb Code    24  stm32f10x_tim.o(.text)
    TIM_UpdateRequestConfig                  0x08009e21   Thumb Code    24  stm32f10x_tim.o(.text)
    TIM_SelectHallSensor                     0x08009e39   Thumb Code    24  stm32f10x_tim.o(.text)
    TIM_SelectOnePulseMode                   0x08009e51   Thumb Code    18  stm32f10x_tim.o(.text)
    TIM_SelectOutputTrigger                  0x08009e63   Thumb Code    18  stm32f10x_tim.o(.text)
    TIM_SelectSlaveMode                      0x08009e75   Thumb Code    18  stm32f10x_tim.o(.text)
    TIM_SelectMasterSlaveMode                0x08009e87   Thumb Code    18  stm32f10x_tim.o(.text)
    TIM_SetCounter                           0x08009e99   Thumb Code     4  stm32f10x_tim.o(.text)
    TIM_SetAutoreload                        0x08009e9d   Thumb Code     4  stm32f10x_tim.o(.text)
    TIM_SetCompare1                          0x08009ea1   Thumb Code     4  stm32f10x_tim.o(.text)
    TIM_SetCompare2                          0x08009ea5   Thumb Code     4  stm32f10x_tim.o(.text)
    TIM_SetCompare3                          0x08009ea9   Thumb Code     4  stm32f10x_tim.o(.text)
    TIM_SetCompare4                          0x08009ead   Thumb Code     6  stm32f10x_tim.o(.text)
    TIM_SetClockDivision                     0x08009eb3   Thumb Code    18  stm32f10x_tim.o(.text)
    TIM_GetCapture1                          0x08009ec5   Thumb Code     6  stm32f10x_tim.o(.text)
    TIM_GetCapture2                          0x08009ecb   Thumb Code     6  stm32f10x_tim.o(.text)
    TIM_GetCapture3                          0x08009ed1   Thumb Code     6  stm32f10x_tim.o(.text)
    TIM_GetCapture4                          0x08009ed7   Thumb Code     8  stm32f10x_tim.o(.text)
    TIM_GetCounter                           0x08009edf   Thumb Code     6  stm32f10x_tim.o(.text)
    TIM_GetPrescaler                         0x08009ee5   Thumb Code     6  stm32f10x_tim.o(.text)
    TIM_GetFlagStatus                        0x08009eeb   Thumb Code    18  stm32f10x_tim.o(.text)
    TIM_ClearFlag                            0x08009efd   Thumb Code     6  stm32f10x_tim.o(.text)
    TIM_GetITStatus                          0x08009f03   Thumb Code    34  stm32f10x_tim.o(.text)
    TIM_ClearITPendingBit                    0x08009f25   Thumb Code     6  stm32f10x_tim.o(.text)
    DMA_DeInit                               0x08009f2d   Thumb Code   324  stm32f10x_dma.o(.text)
    DMA_Init                                 0x0800a071   Thumb Code    60  stm32f10x_dma.o(.text)
    DMA_StructInit                           0x0800a0ad   Thumb Code    26  stm32f10x_dma.o(.text)
    DMA_Cmd                                  0x0800a0c7   Thumb Code    24  stm32f10x_dma.o(.text)
    DMA_ITConfig                             0x0800a0df   Thumb Code    18  stm32f10x_dma.o(.text)
    DMA_SetCurrDataCounter                   0x0800a0f1   Thumb Code     4  stm32f10x_dma.o(.text)
    DMA_GetCurrDataCounter                   0x0800a0f5   Thumb Code     8  stm32f10x_dma.o(.text)
    DMA_GetFlagStatus                        0x0800a0fd   Thumb Code    40  stm32f10x_dma.o(.text)
    DMA_ClearFlag                            0x0800a125   Thumb Code    22  stm32f10x_dma.o(.text)
    DMA_GetITStatus                          0x0800a13b   Thumb Code    40  stm32f10x_dma.o(.text)
    DMA_ClearITPendingBit                    0x0800a163   Thumb Code    22  stm32f10x_dma.o(.text)
    SDIO_DeInit                              0x0800a181   Thumb Code    28  stm32f10x_sdio.o(.text)
    SDIO_Init                                0x0800a19d   Thumb Code    42  stm32f10x_sdio.o(.text)
    SDIO_StructInit                          0x0800a1c7   Thumb Code    16  stm32f10x_sdio.o(.text)
    SDIO_ClockCmd                            0x0800a1d7   Thumb Code     6  stm32f10x_sdio.o(.text)
    SDIO_SetPowerState                       0x0800a1dd   Thumb Code    22  stm32f10x_sdio.o(.text)
    SDIO_GetPowerState                       0x0800a1f3   Thumb Code    10  stm32f10x_sdio.o(.text)
    SDIO_ITConfig                            0x0800a1fd   Thumb Code    26  stm32f10x_sdio.o(.text)
    SDIO_DMACmd                              0x0800a217   Thumb Code     6  stm32f10x_sdio.o(.text)
    SDIO_SendCommand                         0x0800a21d   Thumb Code    38  stm32f10x_sdio.o(.text)
    SDIO_CmdStructInit                       0x0800a243   Thumb Code    14  stm32f10x_sdio.o(.text)
    SDIO_GetCommandResponse                  0x0800a251   Thumb Code     8  stm32f10x_sdio.o(.text)
    SDIO_GetResponse                         0x0800a259   Thumb Code    22  stm32f10x_sdio.o(.text)
    SDIO_DataConfig                          0x0800a26f   Thumb Code    42  stm32f10x_sdio.o(.text)
    SDIO_DataStructInit                      0x0800a299   Thumb Code    20  stm32f10x_sdio.o(.text)
    SDIO_GetDataCounter                      0x0800a2ad   Thumb Code     6  stm32f10x_sdio.o(.text)
    SDIO_ReadData                            0x0800a2b3   Thumb Code     8  stm32f10x_sdio.o(.text)
    SDIO_WriteData                           0x0800a2bb   Thumb Code     8  stm32f10x_sdio.o(.text)
    SDIO_GetFIFOCount                        0x0800a2c3   Thumb Code     6  stm32f10x_sdio.o(.text)
    SDIO_StartSDIOReadWait                   0x0800a2c9   Thumb Code     8  stm32f10x_sdio.o(.text)
    SDIO_StopSDIOReadWait                    0x0800a2d1   Thumb Code     8  stm32f10x_sdio.o(.text)
    SDIO_SetSDIOReadWaitMode                 0x0800a2d9   Thumb Code     8  stm32f10x_sdio.o(.text)
    SDIO_SetSDIOOperation                    0x0800a2e1   Thumb Code     8  stm32f10x_sdio.o(.text)
    SDIO_SendSDIOSuspendCmd                  0x0800a2e9   Thumb Code     6  stm32f10x_sdio.o(.text)
    SDIO_CommandCompletionCmd                0x0800a2ef   Thumb Code     8  stm32f10x_sdio.o(.text)
    SDIO_CEATAITCmd                          0x0800a2f7   Thumb Code    12  stm32f10x_sdio.o(.text)
    SDIO_SendCEATACmd                        0x0800a303   Thumb Code     8  stm32f10x_sdio.o(.text)
    SDIO_GetFlagStatus                       0x0800a30b   Thumb Code    20  stm32f10x_sdio.o(.text)
    SDIO_ClearFlag                           0x0800a31f   Thumb Code     6  stm32f10x_sdio.o(.text)
    SDIO_GetITStatus                         0x0800a325   Thumb Code    20  stm32f10x_sdio.o(.text)
    SDIO_ClearITPendingBit                   0x0800a339   Thumb Code     6  stm32f10x_sdio.o(.text)
    mymemcpy                                 0x0800a355   Thumb Code    26  malloc.o(.text)
    mymemset                                 0x0800a36f   Thumb Code    20  malloc.o(.text)
    my_mem_init                              0x0800a383   Thumb Code    54  malloc.o(.text)
    my_mem_perused                           0x0800a3b9   Thumb Code    54  malloc.o(.text)
    my_mem_malloc                            0x0800a3ef   Thumb Code   154  malloc.o(.text)
    my_mem_free                              0x0800a489   Thumb Code    94  malloc.o(.text)
    myfree                                   0x0800a4e7   Thumb Code    32  malloc.o(.text)
    mymalloc                                 0x0800a507   Thumb Code    36  malloc.o(.text)
    myrealloc                                0x0800a52b   Thumb Code    68  malloc.o(.text)
    disk_status                              0x0800a581   Thumb Code     6  diskio.o(.text)
    disk_initialize                          0x0800a587   Thumb Code    52  diskio.o(.text)
    disk_read                                0x0800a5bb   Thumb Code   122  diskio.o(.text)
    disk_write                               0x0800a635   Thumb Code   122  diskio.o(.text)
    disk_ioctl                               0x0800a6af   Thumb Code   170  diskio.o(.text)
    get_fattime                              0x0800a759   Thumb Code     4  diskio.o(.text)
    ff_memalloc                              0x0800a75d   Thumb Code    14  diskio.o(.text)
    ff_memfree                               0x0800a76b   Thumb Code    14  diskio.o(.text)
    clust2sect                               0x0800a937   Thumb Code    26  ff.o(.text)
    get_fat                                  0x0800a951   Thumb Code   242  ff.o(.text)
    put_fat                                  0x0800aa43   Thumb Code   322  ff.o(.text)
    dir_sdi                                  0x0800acf9   Thumb Code   158  ff.o(.text)
    f_mount                                  0x0800bd83   Thumb Code    86  ff.o(.text)
    f_open                                   0x0800bdd9   Thumb Code   384  ff.o(.text)
    f_read                                   0x0800bf59   Thumb Code   450  ff.o(.text)
    f_write                                  0x0800c11b   Thumb Code   490  ff.o(.text)
    f_sync                                   0x0800c305   Thumb Code   176  ff.o(.text)
    f_close                                  0x0800c3b5   Thumb Code    32  ff.o(.text)
    f_lseek                                  0x0800c3d5   Thumb Code   684  ff.o(.text)
    f_opendir                                0x0800c681   Thumb Code   136  ff.o(.text)
    f_closedir                               0x0800c709   Thumb Code    22  ff.o(.text)
    f_readdir                                0x0800c71f   Thumb Code   114  ff.o(.text)
    f_stat                                   0x0800c791   Thumb Code    84  ff.o(.text)
    f_getfree                                0x0800c7e5   Thumb Code   258  ff.o(.text)
    f_truncate                               0x0800c8e7   Thumb Code   184  ff.o(.text)
    f_unlink                                 0x0800c99f   Thumb Code   190  ff.o(.text)
    f_mkdir                                  0x0800ca5d   Thumb Code   380  ff.o(.text)
    f_chmod                                  0x0800cbd9   Thumb Code   112  ff.o(.text)
    f_rename                                 0x0800cc49   Thumb Code   290  ff.o(.text)
    f_utime                                  0x0800cd6b   Thumb Code   110  ff.o(.text)
    f_getlabel                               0x0800cdd9   Thumb Code   190  ff.o(.text)
    f_setlabel                               0x0800ce97   Thumb Code   482  ff.o(.text)
    f_mkfs                                   0x0800d079   Thumb Code  1578  ff.o(.text)
    f_gets                                   0x0800d6a3   Thumb Code    82  ff.o(.text)
    f_putc                                   0x0800d739   Thumb Code    64  ff.o(.text)
    f_puts                                   0x0800d779   Thumb Code    74  ff.o(.text)
    f_printf                                 0x0800d7c3   Thumb Code   674  ff.o(.text)
    exfuns_init                              0x0800da65   Thumb Code   114  exfuns.o(.text)
    char_upper                               0x0800dad7   Thumb Code    26  exfuns.o(.text)
    f_typetell                               0x0800daf1   Thumb Code   188  exfuns.o(.text)
    exf_getfree                              0x0800dbad   Thumb Code    74  exfuns.o(.text)
    ff_convert                               0x0800dc0d   Thumb Code   116  cc936.o(.text)
    ff_wtoupper                              0x0800dc81   Thumb Code    46  cc936.o(.text)
    mf_mount                                 0x0800dcc1   Thumb Code    20  fattester.o(.text)
    mf_open                                  0x0800dcd5   Thumb Code    24  fattester.o(.text)
    mf_close                                 0x0800dced   Thumb Code    14  fattester.o(.text)
    mf_read                                  0x0800dcfb   Thumb Code   224  fattester.o(.text)
    mf_write                                 0x0800dddb   Thumb Code    68  fattester.o(.text)
    mf_opendir                               0x0800de1f   Thumb Code    14  fattester.o(.text)
    mf_closedir                              0x0800de2d   Thumb Code    10  fattester.o(.text)
    mf_readdir                               0x0800de37   Thumb Code   204  fattester.o(.text)
    mf_scan_files                            0x0800df03   Thumb Code   120  fattester.o(.text)
    mf_showfree                              0x0800df7b   Thumb Code    88  fattester.o(.text)
    mf_lseek                                 0x0800dfd3   Thumb Code    16  fattester.o(.text)
    mf_tell                                  0x0800dfe3   Thumb Code     8  fattester.o(.text)
    mf_size                                  0x0800dfeb   Thumb Code     8  fattester.o(.text)
    mf_mkdir                                 0x0800dff3   Thumb Code    12  fattester.o(.text)
    mf_fmkfs                                 0x0800dfff   Thumb Code    20  fattester.o(.text)
    mf_unlink                                0x0800e013   Thumb Code    12  fattester.o(.text)
    mf_rename                                0x0800e01f   Thumb Code    16  fattester.o(.text)
    mf_getlabel                              0x0800e02f   Thumb Code    58  fattester.o(.text)
    mf_setlabel                              0x0800e069   Thumb Code    34  fattester.o(.text)
    mf_gets                                  0x0800e08b   Thumb Code   698  fattester.o(.text)
    mf_putc                                  0x0800e345   Thumb Code    18  fattester.o(.text)
    mf_puts                                  0x0800e357   Thumb Code    18  fattester.o(.text)
    usmart_sys_cmd_exe                       0x0800e389   Thumb Code  1554  usmart.o(.text)
    usmart_reset_runtime                     0x0800e99b   Thumb Code    38  usmart.o(.text)
    usmart_get_runtime                       0x0800e9c1   Thumb Code    60  usmart.o(.text)
    TIM4_IRQHandler                          0x0800e9fd   Thumb Code    46  usmart.o(.text)
    Timer4_Init                              0x0800ea2b   Thumb Code    88  usmart.o(.text)
    usmart_init                              0x0800ea83   Thumb Code    36  usmart.o(.text)
    usmart_cmd_rec                           0x0800eaa7   Thumb Code   170  usmart.o(.text)
    usmart_exe                               0x0800eb51   Thumb Code   870  usmart.o(.text)
    usmart_scan                              0x0800eeb7   Thumb Code   120  usmart.o(.text)
    read_addr                                0x0800ef2f   Thumb Code     6  usmart.o(.text)
    write_addr                               0x0800ef35   Thumb Code     4  usmart.o(.text)
    usmart_strcmp                            0x0800efc1   Thumb Code    34  usmart_str.o(.text)
    usmart_strcopy                           0x0800efe3   Thumb Code    22  usmart_str.o(.text)
    usmart_strlen                            0x0800eff9   Thumb Code    24  usmart_str.o(.text)
    usmart_pow                               0x0800f011   Thumb Code    22  usmart_str.o(.text)
    usmart_str2num                           0x0800f027   Thumb Code   202  usmart_str.o(.text)
    usmart_get_cmdname                       0x0800f0f1   Thumb Code    54  usmart_str.o(.text)
    usmart_search_nextc                      0x0800f127   Thumb Code    22  usmart_str.o(.text)
    usmart_get_fname                         0x0800f13d   Thumb Code   440  usmart_str.o(.text)
    usmart_get_aparm                         0x0800f2f5   Thumb Code   200  usmart_str.o(.text)
    usmart_get_parmpos                       0x0800f3bd   Thumb Code    26  usmart_str.o(.text)
    usmart_get_fparam                        0x0800f3d7   Thumb Code   262  usmart_str.o(.text)
    __use_no_semihosting                     0x0800f4e9   Thumb Code     2  use_no_semi_2.o(.text)
    __aeabi_ldivmod                          0x0800f4eb   Thumb Code     0  llsdiv.o(.text)
    _ll_sdiv                                 0x0800f4eb   Thumb Code    72  llsdiv.o(.text)
    __2printf                                0x0800f535   Thumb Code    20  __2printf.o(.text)
    __2sprintf                               0x0800f54d   Thumb Code    38  __2sprintf.o(.text)
    _printf_pre_padding                      0x0800f579   Thumb Code    44  _printf_pad.o(.text)
    _printf_post_padding                     0x0800f5a5   Thumb Code    34  _printf_pad.o(.text)
    _printf_str                              0x0800f5c7   Thumb Code    82  _printf_str.o(.text)
    _printf_int_dec                          0x0800f619   Thumb Code   104  _printf_dec.o(.text)
    _printf_int_hex                          0x0800f691   Thumb Code    84  _printf_hex_int.o(.text)
    _printf_longlong_hex                     0x0800f691   Thumb Code     0  _printf_hex_int.o(.text)
    __printf                                 0x0800f6e9   Thumb Code   388  __printf_flags_ss_wp.o(.text)
    strcpy                                   0x0800f871   Thumb Code    72  strcpy.o(.text)
    __aeabi_memcpy                           0x0800f8b9   Thumb Code     0  rt_memcpy_v6.o(.text)
    __rt_memcpy                              0x0800f8b9   Thumb Code   138  rt_memcpy_v6.o(.text)
    _memcpy_lastbytes                        0x0800f91f   Thumb Code     0  rt_memcpy_v6.o(.text)
    strcmp                                   0x0800f945   Thumb Code   128  strcmpv7m.o(.text)
    __use_two_region_memory                  0x0800f9c5   Thumb Code     2  heapauxi.o(.text)
    __rt_heap_escrow$2region                 0x0800f9c7   Thumb Code     2  heapauxi.o(.text)
    __rt_heap_expand$2region                 0x0800f9c9   Thumb Code     2  heapauxi.o(.text)
    __I$use$semihosting                      0x0800f9cb   Thumb Code     0  use_no_semi.o(.text)
    __use_no_semihosting_swi                 0x0800f9cb   Thumb Code     2  use_no_semi.o(.text)
    __aeabi_uldivmod                         0x0800f9cd   Thumb Code     0  lludivv7m.o(.text)
    _ll_udiv                                 0x0800f9cd   Thumb Code   238  lludivv7m.o(.text)
    _printf_int_common                       0x0800fabb   Thumb Code   178  _printf_intcommon.o(.text)
    __lib_sel_fp_printf                      0x0800fb6d   Thumb Code     2  _printf_fp_dec.o(.text)
    _printf_fp_dec_real                      0x0800fd1b   Thumb Code   620  _printf_fp_dec.o(.text)
    _printf_char_common                      0x0800ff93   Thumb Code    32  _printf_char_common.o(.text)
    _sputc                                   0x0800ffb9   Thumb Code    10  _sputc.o(.text)
    _printf_cs_common                        0x0800ffc3   Thumb Code    20  _printf_char.o(.text)
    _printf_char                             0x0800ffd7   Thumb Code    16  _printf_char.o(.text)
    _printf_string                           0x0800ffe7   Thumb Code     8  _printf_char.o(.text)
    _printf_char_file                        0x0800fff1   Thumb Code    32  _printf_char_file.o(.text)
    __aeabi_memcpy4                          0x08010015   Thumb Code     0  rt_memcpy_w.o(.text)
    __aeabi_memcpy8                          0x08010015   Thumb Code     0  rt_memcpy_w.o(.text)
    __rt_memcpy_w                            0x08010015   Thumb Code   100  rt_memcpy_w.o(.text)
    _memcpy_lastbytes_aligned                0x0801005d   Thumb Code     0  rt_memcpy_w.o(.text)
    __rt_locale                              0x08010079   Thumb Code     8  rt_locale_intlibspace.o(.text)
    _ll_udiv10                               0x08010081   Thumb Code   138  lludiv10.o(.text)
    _printf_fp_infnan                        0x0801010d   Thumb Code   112  _printf_fp_infnan.o(.text)
    _btod_etento                             0x0801018d   Thumb Code   216  bigflt0.o(.text)
    ferror                                   0x08010269   Thumb Code     8  ferror.o(.text)
    __user_libspace                          0x08010271   Thumb Code     8  libspace.o(.text)
    __user_perproc_libspace                  0x08010271   Thumb Code     0  libspace.o(.text)
    __user_perthread_libspace                0x08010271   Thumb Code     0  libspace.o(.text)
    __user_setup_stackheap                   0x08010279   Thumb Code    74  sys_stackheap_outer.o(.text)
    exit                                     0x080102c3   Thumb Code    12  exit.o(.text)
    _btod_d2e                                0x080102cf   Thumb Code    62  btod.o(CL$$btod_d2e)
    _d2e_denorm_low                          0x0801030d   Thumb Code    70  btod.o(CL$$btod_d2e_denorm_low)
    _d2e_norm_op1                            0x08010353   Thumb Code    96  btod.o(CL$$btod_d2e_norm_op1)
    __btod_div_common                        0x080103b3   Thumb Code   696  btod.o(CL$$btod_div_common)
    _e2e                                     0x080106eb   Thumb Code   198  btod.o(CL$$btod_e2e)
    _btod_ediv                               0x080107b1   Thumb Code    40  btod.o(CL$$btod_ediv)
    _btod_emul                               0x080107d9   Thumb Code    40  btod.o(CL$$btod_emul)
    __btod_mult_common                       0x08010801   Thumb Code   580  btod.o(CL$$btod_mult_common)
    __ARM_fpclassify                         0x08010a45   Thumb Code    40  fpclassify.o(i.__ARM_fpclassify)
    _is_digit                                0x08010a6d   Thumb Code    14  __printf_wp.o(i._is_digit)
    _get_lc_numeric                          0x08010a7d   Thumb Code    44  lc_numeric_c.o(locale$$code)
    __aeabi_d2uiz                            0x08010aa9   Thumb Code     0  dfixu.o(x$fpl$dfixu)
    _dfixu                                   0x08010aa9   Thumb Code    90  dfixu.o(x$fpl$dfixu)
    __aeabi_ui2d                             0x08010b03   Thumb Code     0  dflt_clz.o(x$fpl$dfltu)
    _dfltu                                   0x08010b03   Thumb Code    38  dflt_clz.o(x$fpl$dfltu)
    __aeabi_dmul                             0x08010b29   Thumb Code     0  dmul.o(x$fpl$dmul)
    _dmul                                    0x08010b29   Thumb Code   332  dmul.o(x$fpl$dmul)
    __fpl_dnaninf                            0x08010c7d   Thumb Code   156  dnaninf.o(x$fpl$dnaninf)
    __fpl_dretinf                            0x08010d19   Thumb Code    12  dretinf.o(x$fpl$dretinf)
    __aeabi_f2d                              0x08010d25   Thumb Code     0  f2d.o(x$fpl$f2d)
    _f2d                                     0x08010d25   Thumb Code    86  f2d.o(x$fpl$f2d)
    __aeabi_fdiv                             0x08010d7d   Thumb Code     0  fdiv.o(x$fpl$fdiv)
    _fdiv                                    0x08010d7d   Thumb Code   384  fdiv.o(x$fpl$fdiv)
    __aeabi_i2f                              0x08010f01   Thumb Code     0  fflt_clz.o(x$fpl$fflt)
    _fflt                                    0x08010f01   Thumb Code    48  fflt_clz.o(x$fpl$fflt)
    __aeabi_fmul                             0x08010f31   Thumb Code     0  fmul.o(x$fpl$fmul)
    _fmul                                    0x08010f31   Thumb Code   258  fmul.o(x$fpl$fmul)
    __fpl_fnaninf                            0x08011033   Thumb Code   140  fnaninf.o(x$fpl$fnaninf)
    __fpl_fretinf                            0x080110bf   Thumb Code    10  fretinf.o(x$fpl$fretinf)
    _printf_fp_dec                           0x080110c9   Thumb Code     4  printf1.o(x$fpl$printf1)
    __I$use$fp                               0x080110cc   Number         0  usenofp.o(x$fpl$usenofp)
    asc2_1206                                0x080110cc   Data        1140  lcd.o(.constdata)
    asc2_1608                                0x08011540   Data        1520  lcd.o(.constdata)
    asc2_2412                                0x08011b30   Data        3420  lcd.o(.constdata)
    memtblsize                               0x0801288c   Data           8  malloc.o(.constdata)
    memblksize                               0x08012894   Data           8  malloc.o(.constdata)
    memsize                                  0x0801289c   Data           8  malloc.o(.constdata)
    FILE_TYPE_TBL                            0x080128e0   Data         312  exfuns.o(.constdata)
    Region$$Table$$Base                      0x0803dc4c   Number         0  anon$$obj.o(Region$$Table)
    Region$$Table$$Limit                     0x0803dc6c   Number         0  anon$$obj.o(Region$$Table)
    res                                      0x20000000   Data           1  main.o(.data)
    bww                                      0x20000004   Data           4  main.o(.data)
    len_str                                  0x20000008   Data           4  main.o(.data)
    len_ang                                  0x2000000c   Data           4  main.o(.data)
    i                                        0x20000010   Data           4  main.o(.data)
    stcTime                                  0x20000014   Data           8  main.o(.data)
    stcAcc                                   0x2000001c   Data           8  main.o(.data)
    stcGyro                                  0x20000024   Data           8  main.o(.data)
    stcAngle                                 0x2000002c   Data           8  main.o(.data)
    stcMag                                   0x20000034   Data           8  main.o(.data)
    stcDStatus                               0x2000003c   Data           8  main.o(.data)
    stcPress                                 0x20000044   Data           8  main.o(.data)
    stcLonLat                                0x2000004c   Data           8  main.o(.data)
    stcGPSV                                  0x20000054   Data           8  main.o(.data)
    stcQ                                     0x2000005c   Data           8  main.o(.data)
    RxBuffer3                                0x20000064   Data         250  main.o(.data)
    RxCounter3                               0x2000015e   Data           1  main.o(.data)
    GPIO_InitStructure                       0x20000160   Data           4  main.o(.data)
    USART_ClockInitStruct                    0x20000164   Data           8  main.o(.data)
    ch                                       0x2000016c   Data           1  stm32f10x_it.o(.data)
    SystemCoreClock                          0x20000170   Data           4  system_stm32f10x.o(.data)
    AHBPrescTable                            0x20000174   Data          16  system_stm32f10x.o(.data)
    POINT_COLOR                              0x20000186   Data           2  lcd.o(.data)
    BACK_COLOR                               0x20000188   Data           2  lcd.o(.data)
    W25QXX_TYPE                              0x2000018a   Data           2  w25qxx.o(.data)
    TransferError                            0x20000196   Data           1  sdio_sdcard.o(.data)
    TransferEnd                              0x20000197   Data           1  sdio_sdcard.o(.data)
    tempbuff                                 0x20000198   Data           4  sdio_sdcard.o(.data)
    __stdout                                 0x200001a0   Data           4  usart.o(.data)
    USART_RX_STA                             0x200001a4   Data           2  usart.o(.data)
    mallco_dev                               0x200001bc   Data          28  malloc.o(.data)
    FLASH_SECTOR_COUNT                       0x200001d8   Data           2  diskio.o(.data)
    fs                                       0x200001e8   Data           8  exfuns.o(.data)
    file                                     0x200001f0   Data           4  exfuns.o(.data)
    ftemp                                    0x200001f4   Data           4  exfuns.o(.data)
    br                                       0x200001f8   Data           4  exfuns.o(.data)
    bw                                       0x200001fc   Data           4  exfuns.o(.data)
    fatbuf                                   0x20000200   Data           4  exfuns.o(.data)
    sys_cmd_tab                              0x20000204   Data          28  usmart.o(.data)
    usmart_nametab                           0x20000220   Data         264  usmart_config.o(.data)
    usmart_dev                               0x20000328   Data         244  usmart_config.o(.data)
    fil                                      0x2000041c   Data         552  main.o(.bss)
    buf                                      0x20000644   Data         100  main.o(.bss)
    USART_InitStructure                      0x200006a8   Data          16  main.o(.bss)
    USART_InitStruct                         0x200006b8   Data          16  main.o(.bss)
    lcddev                                   0x200006c8   Data          14  lcd.o(.bss)
    W25QXX_BUFFER                            0x200006d6   Data        4096  w25qxx.o(.bss)
    SDIO_InitStructure                       0x200016d8   Data          24  sdio_sdcard.o(.bss)
    SDIO_CmdInitStructure                    0x200016f0   Data          20  sdio_sdcard.o(.bss)
    SDIO_DataInitStructure                   0x20001704   Data          24  sdio_sdcard.o(.bss)
    SDCardInfo                               0x20001740   Data          88  sdio_sdcard.o(.bss)
    SDIO_DATA_BUFFER                         0x20001798   Data         512  sdio_sdcard.o(.bss)
    USART_RX_BUF                             0x20001998   Data         200  usart.o(.bss)
    mem1base                                 0x20001a60   Data       40960  malloc.o(.bss)
    mem1mapbase                              0x2000ba60   Data        2560  malloc.o(.bss)
    fileinfo                                 0x2000c460   Data          32  exfuns.o(.bss)
    dir                                      0x2000c480   Data          36  exfuns.o(.bss)
    __libspace_start                         0x2000c4a4   Data          96  libspace.o(.bss)
    __temporary_stack_top$libspace           0x2000c504   Data           0  libspace.o(.bss)
    mem2base                                 0x68000000   Data       983040  malloc.o(.ARM.__AT_0x68000000)
    mem2mapbase                              0x680f0000   Data       61440  malloc.o(.ARM.__AT_0x680F0000)



==============================================================================

Memory Map of the image

  Image Entry point : 0x08000131

  Load Region LR_IROM1 (Base: 0x08000000, Size: 0x0003e0a4, Max: 0x00080000, ABSOLUTE, COMPRESSED[0x0003ddcc])

    Execution Region ER_IROM1 (Base: 0x08000000, Size: 0x0003dc88, Max: 0x00080000, ABSOLUTE)

    Base Addr    Size         Type   Attr      Idx    E Section Name        Object

    0x08000000   0x00000130   Data   RO          414    RESET               startup_stm32f10x_hd.o
    0x08000130   0x00000008   Code   RO          771  * !!!main             c_w.l(__main.o)
    0x08000138   0x00000034   Code   RO         1038    !!!scatter          c_w.l(__scatter.o)
    0x0800016c   0x0000005a   Code   RO         1036    !!dczerorl2         c_w.l(__dczerorl2.o)
    0x080001c6   0x00000002   PAD
    0x080001c8   0x0000001c   Code   RO         1040    !!handler_zi        c_w.l(__scatter_zi.o)
    0x080001e4   0x00000000   Code   RO          762    .ARM.Collect$$_printf_percent$$00000000  c_w.l(_printf_percent.o)
    0x080001e4   0x00000006   Code   RO          761    .ARM.Collect$$_printf_percent$$00000003  c_w.l(_printf_f.o)
    0x080001ea   0x00000006   Code   RO          759    .ARM.Collect$$_printf_percent$$00000009  c_w.l(_printf_d.o)
    0x080001f0   0x00000006   Code   RO          760    .ARM.Collect$$_printf_percent$$0000000A  c_w.l(_printf_u.o)
    0x080001f6   0x00000006   Code   RO          758    .ARM.Collect$$_printf_percent$$0000000C  c_w.l(_printf_x.o)
    0x080001fc   0x00000006   Code   RO          756    .ARM.Collect$$_printf_percent$$00000013  c_w.l(_printf_c.o)
    0x08000202   0x00000006   Code   RO          757    .ARM.Collect$$_printf_percent$$00000014  c_w.l(_printf_s.o)
    0x08000208   0x00000004   Code   RO          818    .ARM.Collect$$_printf_percent$$00000017  c_w.l(_printf_percent_end.o)
    0x0800020c   0x00000002   Code   RO          910    .ARM.Collect$$libinit$$00000000  c_w.l(libinit.o)
    0x0800020e   0x00000000   Code   RO          912    .ARM.Collect$$libinit$$00000002  c_w.l(libinit2.o)
    0x0800020e   0x00000000   Code   RO          914    .ARM.Collect$$libinit$$00000004  c_w.l(libinit2.o)
    0x0800020e   0x00000000   Code   RO          917    .ARM.Collect$$libinit$$0000000A  c_w.l(libinit2.o)
    0x0800020e   0x00000000   Code   RO          919    .ARM.Collect$$libinit$$0000000C  c_w.l(libinit2.o)
    0x0800020e   0x00000000   Code   RO          921    .ARM.Collect$$libinit$$0000000E  c_w.l(libinit2.o)
    0x0800020e   0x00000006   Code   RO          922    .ARM.Collect$$libinit$$0000000F  c_w.l(libinit2.o)
    0x08000214   0x00000000   Code   RO          924    .ARM.Collect$$libinit$$00000011  c_w.l(libinit2.o)
    0x08000214   0x00000000   Code   RO          926    .ARM.Collect$$libinit$$00000013  c_w.l(libinit2.o)
    0x08000214   0x00000000   Code   RO          928    .ARM.Collect$$libinit$$00000015  c_w.l(libinit2.o)
    0x08000214   0x0000000a   Code   RO          929    .ARM.Collect$$libinit$$00000016  c_w.l(libinit2.o)
    0x0800021e   0x00000000   Code   RO          930    .ARM.Collect$$libinit$$00000017  c_w.l(libinit2.o)
    0x0800021e   0x00000000   Code   RO          932    .ARM.Collect$$libinit$$00000019  c_w.l(libinit2.o)
    0x0800021e   0x00000000   Code   RO          934    .ARM.Collect$$libinit$$0000001B  c_w.l(libinit2.o)
    0x0800021e   0x00000000   Code   RO          936    .ARM.Collect$$libinit$$0000001D  c_w.l(libinit2.o)
    0x0800021e   0x00000000   Code   RO          938    .ARM.Collect$$libinit$$0000001F  c_w.l(libinit2.o)
    0x0800021e   0x00000000   Code   RO          940    .ARM.Collect$$libinit$$00000021  c_w.l(libinit2.o)
    0x0800021e   0x00000000   Code   RO          942    .ARM.Collect$$libinit$$00000023  c_w.l(libinit2.o)
    0x0800021e   0x00000000   Code   RO          944    .ARM.Collect$$libinit$$00000025  c_w.l(libinit2.o)
    0x0800021e   0x00000000   Code   RO          948    .ARM.Collect$$libinit$$0000002C  c_w.l(libinit2.o)
    0x0800021e   0x00000000   Code   RO          950    .ARM.Collect$$libinit$$0000002E  c_w.l(libinit2.o)
    0x0800021e   0x00000000   Code   RO          952    .ARM.Collect$$libinit$$00000030  c_w.l(libinit2.o)
    0x0800021e   0x00000000   Code   RO          954    .ARM.Collect$$libinit$$00000032  c_w.l(libinit2.o)
    0x0800021e   0x00000002   Code   RO          955    .ARM.Collect$$libinit$$00000033  c_w.l(libinit2.o)
    0x08000220   0x00000002   Code   RO          997    .ARM.Collect$$libshutdown$$00000000  c_w.l(libshutdown.o)
    0x08000222   0x00000000   Code   RO         1007    .ARM.Collect$$libshutdown$$00000003  c_w.l(libshutdown2.o)
    0x08000222   0x00000000   Code   RO         1010    .ARM.Collect$$libshutdown$$00000006  c_w.l(libshutdown2.o)
    0x08000222   0x00000000   Code   RO         1013    .ARM.Collect$$libshutdown$$00000009  c_w.l(libshutdown2.o)
    0x08000222   0x00000000   Code   RO         1015    .ARM.Collect$$libshutdown$$0000000B  c_w.l(libshutdown2.o)
    0x08000222   0x00000000   Code   RO         1018    .ARM.Collect$$libshutdown$$0000000E  c_w.l(libshutdown2.o)
    0x08000222   0x00000002   Code   RO         1019    .ARM.Collect$$libshutdown$$0000000F  c_w.l(libshutdown2.o)
    0x08000224   0x00000000   Code   RO          803    .ARM.Collect$$rtentry$$00000000  c_w.l(__rtentry.o)
    0x08000224   0x00000000   Code   RO          831    .ARM.Collect$$rtentry$$00000002  c_w.l(__rtentry2.o)
    0x08000224   0x00000006   Code   RO          843    .ARM.Collect$$rtentry$$00000004  c_w.l(__rtentry4.o)
    0x0800022a   0x00000000   Code   RO          833    .ARM.Collect$$rtentry$$00000009  c_w.l(__rtentry2.o)
    0x0800022a   0x00000004   Code   RO          834    .ARM.Collect$$rtentry$$0000000A  c_w.l(__rtentry2.o)
    0x0800022e   0x00000000   Code   RO          836    .ARM.Collect$$rtentry$$0000000C  c_w.l(__rtentry2.o)
    0x0800022e   0x00000008   Code   RO          837    .ARM.Collect$$rtentry$$0000000D  c_w.l(__rtentry2.o)
    0x08000236   0x00000002   Code   RO          956    .ARM.Collect$$rtexit$$00000000  c_w.l(rtexit.o)
    0x08000238   0x00000000   Code   RO          967    .ARM.Collect$$rtexit$$00000002  c_w.l(rtexit2.o)
    0x08000238   0x00000004   Code   RO          968    .ARM.Collect$$rtexit$$00000003  c_w.l(rtexit2.o)
    0x0800023c   0x00000006   Code   RO          969    .ARM.Collect$$rtexit$$00000004  c_w.l(rtexit2.o)
    0x08000242   0x00000002   PAD
    0x08000244   0x000008fc   Code   RO            1    .text               main.o
    0x08000b40   0x000000d0   Code   RO          165    .text               stm32f10x_it.o
    0x08000c10   0x000001e0   Code   RO          210    .text               system_stm32f10x.o
    0x08000df0   0x0000004c   Code   RO          228    .text               led.o
    0x08000e3c   0x000000fc   Code   RO          240    .text               key.o
    0x08000f38   0x00004a5c   Code   RO          253    .text               lcd.o
    0x08005994   0x00000108   Code   RO          284    .text               spi.o
    0x08005a9c   0x00000368   Code   RO          299    .text               w25qxx.o
    0x08005e04   0x00001c30   Code   RO          322    .text               sdio_sdcard.o
    0x08007a34   0x000000d4   Code   RO          348    .text               delay.o
    0x08007b08   0x0000000c   Code   RO          363    .text               sys.o
    0x08007b14   0x000000c0   Code   RO          379    .text               usart.o
    0x08007bd4   0x00000040   Code   RO          415    .text               startup_stm32f10x_hd.o
    0x08007c14   0x000000dc   Code   RO          419    .text               misc.o
    0x08007cf0   0x0000060c   Code   RO          431    .text               stm32f10x_fsmc.o
    0x080082fc   0x0000035c   Code   RO          443    .text               stm32f10x_gpio.o
    0x08008658   0x000003a4   Code   RO          455    .text               stm32f10x_rcc.o
    0x080089fc   0x0000030c   Code   RO          469    .text               stm32f10x_spi.o
    0x08008d08   0x00000408   Code   RO          481    .text               stm32f10x_usart.o
    0x08009110   0x00000e1a   Code   RO          493    .text               stm32f10x_tim.o
    0x08009f2a   0x00000002   PAD
    0x08009f2c   0x00000254   Code   RO          505    .text               stm32f10x_dma.o
    0x0800a180   0x000001d4   Code   RO          517    .text               stm32f10x_sdio.o
    0x0800a354   0x0000022c   Code   RO          529    .text               malloc.o
    0x0800a580   0x00000200   Code   RO          551    .text               diskio.o
    0x0800a780   0x000032e4   Code   RO          569    .text               ff.o
    0x0800da64   0x000001a8   Code   RO          584    .text               exfuns.o
    0x0800dc0c   0x000000b4   Code   RO          608    .text               cc936.o
    0x0800dcc0   0x000006c8   Code   RO          631    .text               fattester.o
    0x0800e388   0x00000c38   Code   RO          646    .text               usmart.o
    0x0800efc0   0x00000528   Code   RO          681    .text               usmart_str.o
    0x0800f4e8   0x00000002   Code   RO          695    .text               c_w.l(use_no_semi_2.o)
    0x0800f4ea   0x00000048   Code   RO          697    .text               c_w.l(llsdiv.o)
    0x0800f532   0x00000002   PAD
    0x0800f534   0x00000018   Code   RO          699    .text               c_w.l(__2printf.o)
    0x0800f54c   0x0000002c   Code   RO          701    .text               c_w.l(__2sprintf.o)
    0x0800f578   0x0000004e   Code   RO          709    .text               c_w.l(_printf_pad.o)
    0x0800f5c6   0x00000052   Code   RO          711    .text               c_w.l(_printf_str.o)
    0x0800f618   0x00000078   Code   RO          713    .text               c_w.l(_printf_dec.o)
    0x0800f690   0x00000058   Code   RO          718    .text               c_w.l(_printf_hex_int.o)
    0x0800f6e8   0x00000188   Code   RO          753    .text               c_w.l(__printf_flags_ss_wp.o)
    0x0800f870   0x00000048   Code   RO          763    .text               c_w.l(strcpy.o)
    0x0800f8b8   0x0000008a   Code   RO          765    .text               c_w.l(rt_memcpy_v6.o)
    0x0800f942   0x00000002   PAD
    0x0800f944   0x00000080   Code   RO          767    .text               c_w.l(strcmpv7m.o)
    0x0800f9c4   0x00000006   Code   RO          769    .text               c_w.l(heapauxi.o)
    0x0800f9ca   0x00000002   Code   RO          801    .text               c_w.l(use_no_semi.o)
    0x0800f9cc   0x000000ee   Code   RO          804    .text               c_w.l(lludivv7m.o)
    0x0800faba   0x000000b2   Code   RO          806    .text               c_w.l(_printf_intcommon.o)
    0x0800fb6c   0x0000041a   Code   RO          808    .text               c_w.l(_printf_fp_dec.o)
    0x0800ff86   0x00000002   PAD
    0x0800ff88   0x00000030   Code   RO          810    .text               c_w.l(_printf_char_common.o)
    0x0800ffb8   0x0000000a   Code   RO          812    .text               c_w.l(_sputc.o)
    0x0800ffc2   0x0000002c   Code   RO          814    .text               c_w.l(_printf_char.o)
    0x0800ffee   0x00000002   PAD
    0x0800fff0   0x00000024   Code   RO          816    .text               c_w.l(_printf_char_file.o)
    0x08010014   0x00000064   Code   RO          819    .text               c_w.l(rt_memcpy_w.o)
    0x08010078   0x00000008   Code   RO          852    .text               c_w.l(rt_locale_intlibspace.o)
    0x08010080   0x0000008a   Code   RO          854    .text               c_w.l(lludiv10.o)
    0x0801010a   0x00000002   PAD
    0x0801010c   0x00000080   Code   RO          856    .text               c_w.l(_printf_fp_infnan.o)
    0x0801018c   0x000000dc   Code   RO          860    .text               c_w.l(bigflt0.o)
    0x08010268   0x00000008   Code   RO          885    .text               c_w.l(ferror.o)
    0x08010270   0x00000008   Code   RO          896    .text               c_w.l(libspace.o)
    0x08010278   0x0000004a   Code   RO          899    .text               c_w.l(sys_stackheap_outer.o)
    0x080102c2   0x0000000c   Code   RO          903    .text               c_w.l(exit.o)
    0x080102ce   0x0000003e   Code   RO          863    CL$$btod_d2e        c_w.l(btod.o)
    0x0801030c   0x00000046   Code   RO          865    CL$$btod_d2e_denorm_low  c_w.l(btod.o)
    0x08010352   0x00000060   Code   RO          864    CL$$btod_d2e_norm_op1  c_w.l(btod.o)
    0x080103b2   0x00000338   Code   RO          873    CL$$btod_div_common  c_w.l(btod.o)
    0x080106ea   0x000000c6   Code   RO          870    CL$$btod_e2e        c_w.l(btod.o)
    0x080107b0   0x00000028   Code   RO          867    CL$$btod_ediv       c_w.l(btod.o)
    0x080107d8   0x00000028   Code   RO          866    CL$$btod_emul       c_w.l(btod.o)
    0x08010800   0x00000244   Code   RO          872    CL$$btod_mult_common  c_w.l(btod.o)
    0x08010a44   0x00000028   Code   RO          894    i.__ARM_fpclassify  m_ws.l(fpclassify.o)
    0x08010a6c   0x0000000e   Code   RO          746    i._is_digit         c_w.l(__printf_wp.o)
    0x08010a7a   0x00000002   PAD
    0x08010a7c   0x0000002c   Code   RO          890    locale$$code        c_w.l(lc_numeric_c.o)
    0x08010aa8   0x0000005a   Code   RO          773    x$fpl$dfixu         fz_ws.l(dfixu.o)
    0x08010b02   0x00000026   Code   RO          777    x$fpl$dfltu         fz_ws.l(dflt_clz.o)
    0x08010b28   0x00000154   Code   RO          783    x$fpl$dmul          fz_ws.l(dmul.o)
    0x08010c7c   0x0000009c   Code   RO          821    x$fpl$dnaninf       fz_ws.l(dnaninf.o)
    0x08010d18   0x0000000c   Code   RO          823    x$fpl$dretinf       fz_ws.l(dretinf.o)
    0x08010d24   0x00000056   Code   RO          785    x$fpl$f2d           fz_ws.l(f2d.o)
    0x08010d7a   0x00000002   PAD
    0x08010d7c   0x00000184   Code   RO          788    x$fpl$fdiv          fz_ws.l(fdiv.o)
    0x08010f00   0x00000030   Code   RO          792    x$fpl$fflt          fz_ws.l(fflt_clz.o)
    0x08010f30   0x00000102   Code   RO          797    x$fpl$fmul          fz_ws.l(fmul.o)
    0x08011032   0x0000008c   Code   RO          825    x$fpl$fnaninf       fz_ws.l(fnaninf.o)
    0x080110be   0x0000000a   Code   RO          827    x$fpl$fretinf       fz_ws.l(fretinf.o)
    0x080110c8   0x00000004   Code   RO          799    x$fpl$printf1       fz_ws.l(printf1.o)
    0x080110cc   0x00000000   Code   RO          829    x$fpl$usenofp       fz_ws.l(usenofp.o)
    0x080110cc   0x000017c0   Data   RO          255    .constdata          lcd.o
    0x0801288c   0x00000018   Data   RO          533    .constdata          malloc.o
    0x080128a4   0x0000003a   Data   RO          570    .constdata          ff.o
    0x080128de   0x00000002   PAD
    0x080128e0   0x00000138   Data   RO          586    .constdata          exfuns.o
    0x08012a18   0x0002acc8   Data   RO          609    .constdata          cc936.o
    0x0803d6e0   0x00000028   Data   RO          719    .constdata          c_w.l(_printf_hex_int.o)
    0x0803d708   0x00000011   Data   RO          754    .constdata          c_w.l(__printf_flags_ss_wp.o)
    0x0803d719   0x00000003   PAD
    0x0803d71c   0x00000094   Data   RO          861    .constdata          c_w.l(bigflt0.o)
    0x0803d7b0   0x00000064   Data   RO          587    .conststring        exfuns.o
    0x0803d814   0x00000028   Data   RO          647    .conststring        usmart.o
    0x0803d83c   0x0000040f   Data   RO          662    .conststring        usmart_config.o
    0x0803dc4b   0x00000001   PAD
    0x0803dc4c   0x00000020   Data   RO         1034    Region$$Table       anon$$obj.o
    0x0803dc6c   0x0000001c   Data   RO          889    locale$$data        c_w.l(lc_numeric_c.o)


    Execution Region RW_IRAM1 (Base: 0x20000000, Size: 0x0000cb08, Max: 0x00010000, ABSOLUTE, COMPRESSED[0x00000144])

    Base Addr    Size         Type   Attr      Idx    E Section Name        Object

    0x20000000   0x0000016c   Data   RW            3    .data               main.o
    0x2000016c   0x00000001   Data   RW          166    .data               stm32f10x_it.o
    0x2000016d   0x00000003   PAD
    0x20000170   0x00000014   Data   RW          211    .data               system_stm32f10x.o
    0x20000184   0x00000001   Data   RW          241    .data               key.o
    0x20000185   0x00000001   PAD
    0x20000186   0x00000004   Data   RW          256    .data               lcd.o
    0x2000018a   0x00000002   Data   RW          301    .data               w25qxx.o
    0x2000018c   0x00000010   Data   RW          324    .data               sdio_sdcard.o
    0x2000019c   0x00000004   Data   RW          349    .data               delay.o
    0x200001a0   0x00000006   Data   RW          381    .data               usart.o
    0x200001a6   0x00000014   Data   RW          456    .data               stm32f10x_rcc.o
    0x200001ba   0x00000002   PAD
    0x200001bc   0x0000001c   Data   RW          534    .data               malloc.o
    0x200001d8   0x00000002   Data   RW          552    .data               diskio.o
    0x200001da   0x00000002   PAD
    0x200001dc   0x0000000a   Data   RW          571    .data               ff.o
    0x200001e6   0x00000002   PAD
    0x200001e8   0x0000001c   Data   RW          588    .data               exfuns.o
    0x20000204   0x0000001c   Data   RW          648    .data               usmart.o
    0x20000220   0x000001fc   Data   RW          663    .data               usmart_config.o
    0x2000041c   0x000002ac   Zero   RW            2    .bss                main.o
    0x200006c8   0x0000000e   Zero   RW          254    .bss                lcd.o
    0x200006d6   0x00001000   Zero   RW          300    .bss                w25qxx.o
    0x200016d6   0x00000002   PAD
    0x200016d8   0x000002c0   Zero   RW          323    .bss                sdio_sdcard.o
    0x20001998   0x000000c8   Zero   RW          380    .bss                usart.o
    0x20001a60   0x0000aa00   Zero   RW          532    .bss                malloc.o
    0x2000c460   0x00000044   Zero   RW          585    .bss                exfuns.o
    0x2000c4a4   0x00000060   Zero   RW          897    .bss                c_w.l(libspace.o)
    0x2000c504   0x00000004   PAD
    0x2000c508   0x00000200   Zero   RW          413    HEAP                startup_stm32f10x_hd.o
    0x2000c708   0x00000400   Zero   RW          412    STACK               startup_stm32f10x_hd.o



  Load Region LR$$.ARM.__AT_0x68000000 (Base: 0x68000000, Size: 0x00000000, Max: 0x000f0000, ABSOLUTE)

    Execution Region ER$$.ARM.__AT_0x68000000 (Base: 0x68000000, Size: 0x000f0000, Max: 0x000f0000, ABSOLUTE, UNINIT)

    Base Addr    Size         Type   Attr      Idx    E Section Name        Object

    0x68000000   0x000f0000   Zero   RW          530    .ARM.__AT_0x68000000  malloc.o



  Load Region LR$$.ARM.__AT_0x680F0000 (Base: 0x680f0000, Size: 0x00000000, Max: 0x0000f000, ABSOLUTE)

    Execution Region ER$$.ARM.__AT_0x680F0000 (Base: 0x680f0000, Size: 0x0000f000, Max: 0x0000f000, ABSOLUTE, UNINIT)

    Base Addr    Size         Type   Attr      Idx    E Section Name        Object

    0x680f0000   0x0000f000   Zero   RW          531    .ARM.__AT_0x680F0000  malloc.o


==============================================================================

Image component sizes


      Code (inc. data)   RO Data    RW Data    ZI Data      Debug   Object Name

       180         18     175304          0          0       2233   cc936.o
       212         18          0          4          0       1047   delay.o
       512          8          0          2          0       4202   diskio.o
       424         22        412         28         68       2728   exfuns.o
      1736        690          0          0          0       5660   fattester.o
     13028        144         58         10          0      34006   ff.o
       252         12          0          1          0        840   key.o
     19036        162       6080          4         14      21710   lcd.o
        76          8          0          0          0        507   led.o
      2300        518          0        364        684     297566   main.o
       556         18         24         28    1088000       4592   malloc.o
       220         22          0          0          0       1825   misc.o
      7216        256          0         16        704      24464   sdio_sdcard.o
       264         10          0          0          0       1109   spi.o
        64         26        304          0       1536        808   startup_stm32f10x_hd.o
       596          8          0          0          0       4350   stm32f10x_dma.o
      1548         18          0          0          0       5367   stm32f10x_fsmc.o
       860         38          0          0          0       5669   stm32f10x_gpio.o
       208         16          0          1          0       1905   stm32f10x_it.o
       932         36          0         20          0       8848   stm32f10x_rcc.o
       468         22          0          0          0       7112   stm32f10x_sdio.o
       780         14          0          0          0       6550   stm32f10x_spi.o
      3610         88          0          0          0      22152   stm32f10x_tim.o
      1032         22          0          0          0       8392   stm32f10x_usart.o
        12          0          0          0          0        631   sys.o
       480         38          0         20          0       1775   system_stm32f10x.o
       192         10          0          6        200       2956   usart.o
      3128       1288         40         28          0       4354   usmart.o
         0          0       1039        508          0       1736   usmart_config.o
      1320         12          0          0          0       5073   usmart_str.o
       872         30          0          2       4096       4361   w25qxx.o

    ----------------------------------------------------------------------
     62116       3572     183296       1052    1095304     494528   Object Totals
         0          0         32          0          0          0   (incl. Generated)
         2          0          3         10          2          0   (incl. Padding)

    ----------------------------------------------------------------------

      Code (inc. data)   RO Data    RW Data    ZI Data      Debug   Library Member Name

        24          4          0          0          0         84   __2printf.o
        44          6          0          0          0         84   __2sprintf.o
        90          0          0          0          0          0   __dczerorl2.o
         8          0          0          0          0         68   __main.o
       392          4         17          0          0         92   __printf_flags_ss_wp.o
        14          0          0          0          0         68   __printf_wp.o
         0          0          0          0          0          0   __rtentry.o
        12          0          0          0          0          0   __rtentry2.o
         6          0          0          0          0          0   __rtentry4.o
        52          8          0          0          0          0   __scatter.o
        28          0          0          0          0          0   __scatter_zi.o
         6          0          0          0          0          0   _printf_c.o
        44          0          0          0          0        108   _printf_char.o
        48          6          0          0          0         96   _printf_char_common.o
        36          4          0          0          0         80   _printf_char_file.o
         6          0          0          0          0          0   _printf_d.o
       120         16          0          0          0         92   _printf_dec.o
         6          0          0          0          0          0   _printf_f.o
      1050          0          0          0          0        216   _printf_fp_dec.o
       128         16          0          0          0         84   _printf_fp_infnan.o
        88          4         40          0          0         88   _printf_hex_int.o
       178          0          0          0          0         88   _printf_intcommon.o
        78          0          0          0          0        108   _printf_pad.o
         0          0          0          0          0          0   _printf_percent.o
         4          0          0          0          0          0   _printf_percent_end.o
         6          0          0          0          0          0   _printf_s.o
        82          0          0          0          0         80   _printf_str.o
         6          0          0          0          0          0   _printf_u.o
         6          0          0          0          0          0   _printf_x.o
        10          0          0          0          0         68   _sputc.o
       220          4        148          0          0         96   bigflt0.o
      1910        128          0          0          0        672   btod.o
        12          0          0          0          0         72   exit.o
         8          0          0          0          0         68   ferror.o
         6          0          0          0          0        152   heapauxi.o
        44         10         28          0          0         76   lc_numeric_c.o
         2          0          0          0          0          0   libinit.o
        18          0          0          0          0          0   libinit2.o
         2          0          0          0          0          0   libshutdown.o
         2          0          0          0          0          0   libshutdown2.o
         8          4          0          0         96         68   libspace.o
        72          0          0          0          0         76   llsdiv.o
       138          0          0          0          0         80   lludiv10.o
       238          0          0          0          0        100   lludivv7m.o
         8          4          0          0          0         68   rt_locale_intlibspace.o
       138          0          0          0          0         68   rt_memcpy_v6.o
       100          0          0          0          0         80   rt_memcpy_w.o
         2          0          0          0          0          0   rtexit.o
        10          0          0          0          0          0   rtexit2.o
       128          0          0          0          0         68   strcmpv7m.o
        72          0          0          0          0         80   strcpy.o
        74          0          0          0          0         80   sys_stackheap_outer.o
         2          0          0          0          0         68   use_no_semi.o
         2          0          0          0          0         68   use_no_semi_2.o
        90          4          0          0          0         92   dfixu.o
        38          0          0          0          0         68   dflt_clz.o
       340         12          0          0          0        104   dmul.o
       156          4          0          0          0         92   dnaninf.o
        12          0          0          0          0         68   dretinf.o
        86          4          0          0          0         84   f2d.o
       388         76          0          0          0         96   fdiv.o
        48          0          0          0          0         68   fflt_clz.o
       258          4          0          0          0         84   fmul.o
       140          4          0          0          0         84   fnaninf.o
        10          0          0          0          0         68   fretinf.o
         4          0          0          0          0         68   printf1.o
         0          0          0          0          0          0   usenofp.o
        40          0          0          0          0         68   fpclassify.o

    ----------------------------------------------------------------------
      7416        326        236          0        100       4588   Library Totals
        18          0          3          0          4          0   (incl. Padding)

    ----------------------------------------------------------------------

      Code (inc. data)   RO Data    RW Data    ZI Data      Debug   Library Name

      5788        218        233          0         96       3544   c_w.l
      1570        108          0          0          0        976   fz_ws.l
        40          0          0          0          0         68   m_ws.l

    ----------------------------------------------------------------------
      7416        326        236          0        100       4588   Library Totals

    ----------------------------------------------------------------------

==============================================================================


      Code (inc. data)   RO Data    RW Data    ZI Data      Debug   

     69532       3898     183532       1052    1095404     493496   Grand Totals
     69532       3898     183532        324    1095404     493496   ELF Image Totals (compressed)
     69532       3898     183532        324          0          0   ROM Totals

==============================================================================

    Total RO  Size (Code + RO Data)               253064 ( 247.13kB)
    Total RW  Size (RW Data + ZI Data)           1096456 (1070.76kB)
    Total ROM Size (Code + RO Data + RW Data)     253388 ( 247.45kB)

==============================================================================

